Archive member included to satisfy reference by file (symbol)

c:/progra~2/gnuarm~1/102021~1.10/bin/../lib/gcc/arm-none-eabi/10.3.1/thumb/v6-m/nofp\libgcc.a(_dvmd_tls.o)
                              CMakeFiles/Projekt_zaliczenie.dir/C_/pico/pico-sdk/src/rp2_common/pico_divider/divider_hardware.S.obj (__aeabi_idiv0)
c:/progra~2/gnuarm~1/102021~1.10/bin/../lib/gcc/arm-none-eabi/10.3.1/../../../../arm-none-eabi/lib/thumb/v6-m/nofp\libg.a(lib_a-calloc.o)
                              CMakeFiles/Projekt_zaliczenie.dir/C_/pico/pico-sdk/src/rp2_common/pico_malloc/malloc.c.obj (calloc)
c:/progra~2/gnuarm~1/102021~1.10/bin/../lib/gcc/arm-none-eabi/10.3.1/../../../../arm-none-eabi/lib/thumb/v6-m/nofp\libg.a(lib_a-callocr.o)
                              c:/progra~2/gnuarm~1/102021~1.10/bin/../lib/gcc/arm-none-eabi/10.3.1/../../../../arm-none-eabi/lib/thumb/v6-m/nofp\libg.a(lib_a-calloc.o) (_calloc_r)
c:/progra~2/gnuarm~1/102021~1.10/bin/../lib/gcc/arm-none-eabi/10.3.1/../../../../arm-none-eabi/lib/thumb/v6-m/nofp\libg.a(lib_a-ctype_.o)
                              CMakeFiles/Projekt_zaliczenie.dir/C_/pico/pico-sdk/lib/tinyusb/src/tusb.c.obj (_ctype_)
c:/progra~2/gnuarm~1/102021~1.10/bin/../lib/gcc/arm-none-eabi/10.3.1/../../../../arm-none-eabi/lib/thumb/v6-m/nofp\libg.a(lib_a-errno.o)
                              c:/progra~2/gnuarm~1/102021~1.10/bin/../lib/gcc/arm-none-eabi/10.3.1/../../../../arm-none-eabi/lib/thumb/v6-m/nofp\libg.a(lib_a-callocr.o) (__errno)
c:/progra~2/gnuarm~1/102021~1.10/bin/../lib/gcc/arm-none-eabi/10.3.1/../../../../arm-none-eabi/lib/thumb/v6-m/nofp\libg.a(lib_a-impure.o)
                              c:/progra~2/gnuarm~1/102021~1.10/bin/../lib/gcc/arm-none-eabi/10.3.1/../../../../arm-none-eabi/lib/thumb/v6-m/nofp\libg.a(lib_a-calloc.o) (_impure_ptr)
c:/progra~2/gnuarm~1/102021~1.10/bin/../lib/gcc/arm-none-eabi/10.3.1/../../../../arm-none-eabi/lib/thumb/v6-m/nofp\libg.a(lib_a-init.o)
                              c:/progra~2/gnuarm~1/102021~1.10/bin/../lib/gcc/arm-none-eabi/10.3.1/../../../../arm-none-eabi/lib/thumb/v6-m/nofp/crt0.o (__libc_init_array)
c:/progra~2/gnuarm~1/102021~1.10/bin/../lib/gcc/arm-none-eabi/10.3.1/../../../../arm-none-eabi/lib/thumb/v6-m/nofp\libg.a(lib_a-lcltime_r.o)
                              CMakeFiles/Projekt_zaliczenie.dir/C_/pico/pico-sdk/src/common/pico_util/datetime.c.obj (localtime_r)
c:/progra~2/gnuarm~1/102021~1.10/bin/../lib/gcc/arm-none-eabi/10.3.1/../../../../arm-none-eabi/lib/thumb/v6-m/nofp\libg.a(lib_a-malloc.o)
                              CMakeFiles/Projekt_zaliczenie.dir/C_/pico/pico-sdk/src/rp2_common/pico_malloc/malloc.c.obj (malloc)
c:/progra~2/gnuarm~1/102021~1.10/bin/../lib/gcc/arm-none-eabi/10.3.1/../../../../arm-none-eabi/lib/thumb/v6-m/nofp\libg.a(lib_a-mallocr.o)
                              c:/progra~2/gnuarm~1/102021~1.10/bin/../lib/gcc/arm-none-eabi/10.3.1/../../../../arm-none-eabi/lib/thumb/v6-m/nofp\libg.a(lib_a-callocr.o) (_malloc_r)
c:/progra~2/gnuarm~1/102021~1.10/bin/../lib/gcc/arm-none-eabi/10.3.1/../../../../arm-none-eabi/lib/thumb/v6-m/nofp\libg.a(lib_a-memcmp.o)
                              CMakeFiles/Projekt_zaliczenie.dir/C_/pico/pico-sdk/src/rp2_common/pico_atomic/atomic.c.obj (memcmp)
c:/progra~2/gnuarm~1/102021~1.10/bin/../lib/gcc/arm-none-eabi/10.3.1/../../../../arm-none-eabi/lib/thumb/v6-m/nofp\libg.a(lib_a-mktime.o)
                              CMakeFiles/Projekt_zaliczenie.dir/C_/pico/pico-sdk/src/common/pico_util/datetime.c.obj (mktime)
c:/progra~2/gnuarm~1/102021~1.10/bin/../lib/gcc/arm-none-eabi/10.3.1/../../../../arm-none-eabi/lib/thumb/v6-m/nofp\libg.a(lib_a-mlock.o)
                              c:/progra~2/gnuarm~1/102021~1.10/bin/../lib/gcc/arm-none-eabi/10.3.1/../../../../arm-none-eabi/lib/thumb/v6-m/nofp\libg.a(lib_a-mallocr.o) (__malloc_lock)
c:/progra~2/gnuarm~1/102021~1.10/bin/../lib/gcc/arm-none-eabi/10.3.1/../../../../arm-none-eabi/lib/thumb/v6-m/nofp\libg.a(lib_a-month_lengths.o)
                              c:/progra~2/gnuarm~1/102021~1.10/bin/../lib/gcc/arm-none-eabi/10.3.1/../../../../arm-none-eabi/lib/thumb/v6-m/nofp\libg.a(lib_a-lcltime_r.o) (__month_lengths)
c:/progra~2/gnuarm~1/102021~1.10/bin/../lib/gcc/arm-none-eabi/10.3.1/../../../../arm-none-eabi/lib/thumb/v6-m/nofp\libg.a(lib_a-realloc.o)
                              CMakeFiles/Projekt_zaliczenie.dir/C_/pico/pico-sdk/src/rp2_common/pico_malloc/malloc.c.obj (realloc)
c:/progra~2/gnuarm~1/102021~1.10/bin/../lib/gcc/arm-none-eabi/10.3.1/../../../../arm-none-eabi/lib/thumb/v6-m/nofp\libg.a(lib_a-reallocr.o)
                              c:/progra~2/gnuarm~1/102021~1.10/bin/../lib/gcc/arm-none-eabi/10.3.1/../../../../arm-none-eabi/lib/thumb/v6-m/nofp\libg.a(lib_a-realloc.o) (_realloc_r)
c:/progra~2/gnuarm~1/102021~1.10/bin/../lib/gcc/arm-none-eabi/10.3.1/../../../../arm-none-eabi/lib/thumb/v6-m/nofp\libg.a(lib_a-sbrkr.o)
[...]
Memory Configuration

Name             Origin             Length             Attributes
FLASH            0x10000000         0x00200000         xr
RAM              0x20000000         0x00040000         xrw
SCRATCH_X        0x20040000         0x00001000         xrw
SCRATCH_Y        0x20041000         0x00001000         xrw
*default*        0x00000000         0xffffffff

Linker script and memory map

LOAD c:/progra~2/gnuarm~1/102021~1.10/bin/../lib/gcc/arm-none-eabi/10.3.1/thumb/v6-m/nofp/crti.o
LOAD c:/progra~2/gnuarm~1/102021~1.10/bin/../lib/gcc/arm-none-eabi/10.3.1/thumb/v6-m/nofp/crtbegin.o
LOAD c:/progra~2/gnuarm~1/102021~1.10/bin/../lib/gcc/arm-none-eabi/10.3.1/../../../../arm-none-eabi/lib/thumb/v6-m/nofp/crt0.o

.flash_begin    0x10000000        0x0
                0x10000000                __flash_binary_start = .

.boot2          0x10000000      0x100
                0x10000000                __boot2_start__ = .
 *(.boot2)
 .boot2         0x10000000      0x100 pico-sdk\src\rp2040\boot_stage2\CMakeFiles\bs2_default_library.dir\bs2_default_padded_checksummed.S.obj
                0x10000100                __boot2_end__ = .
                0x00000001                ASSERT (((__boot2_end__ - __boot2_start__) == 0x100), ERROR: Pico second stage bootloader must be 256 bytes in size)

.text           0x10000100     0x73f4
                0x10000100                __logical_binary_start = .
 *(.vectors)
 .vectors       0x10000100       0xd4 CMakeFiles/Projekt_zaliczenie.dir/C_/pico/pico-sdk/src/rp2_common/pico_crt0/crt0.S.obj
                0x10000100                __VECTOR_TABLE
                0x10000100                __vectors
                0x100001c0                isr_invalid
                0x100001c0                __default_isrs_start
                0x100001c2                isr_nmi
                0x100001c4                isr_hardfault
                0x100001c6                isr_svcall
                0x100001c8                isr_pendsv
                0x100001ca                isr_systick
                0x100001cc                isr_irq23
                0x100001cc                isr_irq18
                0x100001cc                isr_irq11
                0x100001cc                isr_irq28
                0x100001cc                isr_irq19
                0x100001cc                isr_irq0
                0x100001cc                isr_irq6
                0x100001cc                isr_irq5
                0x100001cc                isr_irq12
                0x100001cc                isr_irq22
                0x100001cc                isr_irq31
                0x100001cc                isr_irq17
                0x100001cc                isr_irq27
                0x100001cc                isr_irq30
                0x100001cc                isr_irq2
                0x100001cc                isr_irq10
                0x100001cc                isr_irq8
                0x100001cc                isr_irq24
                0x100001cc                isr_irq1
                0x100001cc                isr_irq7
                0x100001cc                isr_irq21
                0x100001cc                isr_irq20
                0x100001cc                isr_irq15
                0x100001cc                isr_irq25
                0x100001cc                isr_irq13
                0x100001cc                __unhandled_user_irq
                0x100001cc                isr_irq4
                0x100001cc                isr_irq16
                0x100001cc                isr_irq29
                0x100001cc                isr_irq26
                0x100001cc                __default_isrs_end
                0x100001cc                isr_irq3
                0x100001cc                isr_irq14
                0x100001cc                isr_irq9
                0x100001d2                unhandled_user_irq_num_in_r0
 *(.binary_info_header)
 .binary_info_header
                0x100001d4       0x14 CMakeFiles/Projekt_zaliczenie.dir/C_/pico/pico-sdk/src/rp2_common/pico_crt0/crt0.S.obj
                0x100001e8                __binary_info_header_end = .
 *(.embedded_block)
                0x100001e8                __embedded_block_end = .
 *(.reset)
 .reset         0x100001e8       0x9c CMakeFiles/Projekt_zaliczenie.dir/C_/pico/pico-sdk/src/rp2_common/pico_crt0/crt0.S.obj
                0x100001e8                _entry_point
 *(.init)
 .init          0x10000284        0x4 c:/progra~2/gnuarm~1/102021~1.10/bin/../lib/gcc/arm-none-eabi/10.3.1/thumb/v6-m/nofp/crti.o
                0x10000284                _init
 *(EXCLUDE_FILE(*libm.a: *libc.a:*lib_a-mem*.o *libgcc.a:) .text*)
 .text          0x10000288       0x48 c:/progra~2/gnuarm~1/102021~1.10/bin/../lib/gcc/arm-none-eabi/10.3.1/thumb/v6-m/nofp/crtbegin.o
 .text.alarm_callback
                0x100002d0        0x6 CMakeFiles/Projekt_zaliczenie.dir/Projekt_zaliczenie.c.obj
                0x100002d0                alarm_callback
 *fill*         0x100002d6        0x2 
 .text.bmp280_init
                0x100002d8       0x40 CMakeFiles/Projekt_zaliczenie.dir/Projekt_zaliczenie.c.obj
                0x100002d8                bmp280_init
 .text.bmp280_read_raw
                0x10000318       0x5c CMakeFiles/Projekt_zaliczenie.dir/Projekt_zaliczenie.c.obj
                0x10000318                bmp280_read_raw
 .text.bmp280_convert
                0x10000374       0x26 CMakeFiles/Projekt_zaliczenie.dir/Projekt_zaliczenie.c.obj
                0x10000374                bmp280_convert
 .text.bmp280_convert_temp
                0x1000039a       0x12 CMakeFiles/Projekt_zaliczenie.dir/Projekt_zaliczenie.c.obj
                0x1000039a                bmp280_convert_temp
 .text.bmp280_convert_pressure
                0x100003ac       0xb8 CMakeFiles/Projekt_zaliczenie.dir/Projekt_zaliczenie.c.obj
                0x100003ac                bmp280_convert_pressure
 .text.bmp280_get_calib_params
                0x10000464       0xd0 CMakeFiles/Projekt_zaliczenie.dir/Projekt_zaliczenie.c.obj
                0x10000464                bmp280_get_calib_params
 .text.main     0x10000534      0x1d0 CMakeFiles/Projekt_zaliczenie.dir/Projekt_zaliczenie.c.obj
                0x10000534                main
 .text.gpio_set_function
                0x10000704       0x34 CMakeFiles/Projekt_zaliczenie.dir/C_/pico/pico-sdk/src/rp2_common/hardware_gpio/gpio.c.obj
                0x10000704                gpio_set_function
 .text.gpio_set_pulls
                0x10000738       0x38 CMakeFiles/Projekt_zaliczenie.dir/C_/pico/pico-sdk/src/rp2_common/hardware_gpio/gpio.c.obj
                0x10000738                gpio_set_pulls
 .text.gpio_init
                0x10000770       0x16 CMakeFiles/Projekt_zaliczenie.dir/C_/pico/pico-sdk/src/rp2_common/hardware_gpio/gpio.c.obj
                0x10000770                gpio_init
 *fill*         0x10000786        0x2 
 .text.rp2040_chip_version
                0x10000788       0x4c CMakeFiles/Projekt_zaliczenie.dir/C_/pico/pico-sdk/src/rp2040/pico_platform/platform.c.obj
                0x10000788                rp2040_chip_version
 .text.panic    0x100007d4       0x30 CMakeFiles/Projekt_zaliczenie.dir/C_/pico/pico-sdk/src/rp2_common/pico_platform_panic/panic.c.obj
                0x100007d4                panic
 .text.hw_claim_lock
                0x10000804       0x18 CMakeFiles/Projekt_zaliczenie.dir/C_/pico/pico-sdk/src/common/hardware_claim/claim.c.obj
                0x10000804                hw_claim_lock
 .text.hw_claim_unlock
                0x1000081c       0x14 CMakeFiles/Projekt_zaliczenie.dir/C_/pico/pico-sdk/src/common/hardware_claim/claim.c.obj
                0x1000081c                hw_claim_unlock
 .text.hw_claim_or_assert
                0x10000830       0x32 CMakeFiles/Projekt_zaliczenie.dir/C_/pico/pico-sdk/src/common/hardware_claim/claim.c.obj
                0x10000830                hw_claim_or_assert
 .text.hw_claim_unused_from_range
                0x10000862       0x50 CMakeFiles/Projekt_zaliczenie.dir/C_/pico/pico-sdk/src/common/hardware_claim/claim.c.obj
                0x10000862                hw_claim_unused_from_range
 *fill*         0x100008b2        0x2 
 .text.next_striped_spin_lock_num
                0x100008b4       0x1c CMakeFiles/Projekt_zaliczenie.dir/C_/pico/pico-sdk/src/rp2_common/hardware_sync/sync.c.obj
                0x100008b4                next_striped_spin_lock_num
 .text.spin_lock_claim_unused
                0x100008d0       0x20 CMakeFiles/Projekt_zaliczenie.dir/C_/pico/pico-sdk/src/rp2_common/hardware_sync/sync.c.obj
                0x100008d0                spin_lock_claim_unused
 .text.spin_locks_reset
                0x100008f0       0x20 CMakeFiles/Projekt_zaliczenie.dir/C_/pico/pico-sdk/src/rp2_common/hardware_sync_spin_lock/sync_spin_lock.c.obj
                0x100008f0                spin_locks_reset
 .text.set_raw_irq_handler_and_unlock
                0x10000910       0x28 CMakeFiles/Projekt_zaliczenie.dir/C_/pico/pico-sdk/src/rp2_common/hardware_irq/irq.c.obj
 .text.nvic_ipr0
                0x10000938        0x8 CMakeFiles/Projekt_zaliczenie.dir/C_/pico/pico-sdk/src/rp2_common/hardware_irq/irq.c.obj
 .text.runtime_init_per_core_irq_priorities
                0x10000940       0x1c CMakeFiles/Projekt_zaliczenie.dir/C_/pico/pico-sdk/src/rp2_common/hardware_irq/irq.c.obj
                0x10000940                runtime_init_per_core_irq_priorities
 .text.make_j_16
                0x1000095c       0x4c CMakeFiles/Projekt_zaliczenie.dir/C_/pico/pico-sdk/src/rp2_common/hardware_irq/irq.c.obj
 .text.irq_is_enabled
                0x100009a8       0x18 CMakeFiles/Projekt_zaliczenie.dir/C_/pico/pico-sdk/src/rp2_common/hardware_irq/irq.c.obj
                0x100009a8                irq_is_enabled
 .text.irq_set_mask_n_enabled
                0x100009c0       0x1c CMakeFiles/Projekt_zaliczenie.dir/C_/pico/pico-sdk/src/rp2_common/hardware_irq/irq.c.obj
                0x100009c0                irq_set_mask_n_enabled
 .text.irq_set_enabled
                0x100009dc       0x14 CMakeFiles/Projekt_zaliczenie.dir/C_/pico/pico-sdk/src/rp2_common/hardware_irq/irq.c.obj
                0x100009dc                irq_set_enabled
 .text.irq_set_pending
                0x100009f0       0x10 CMakeFiles/Projekt_zaliczenie.dir/C_/pico/pico-sdk/src/rp2_common/hardware_irq/irq.c.obj
                0x100009f0                irq_set_pending
 .text.irq_get_vtable_handler
                0x10000a00       0x10 CMakeFiles/Projekt_zaliczenie.dir/C_/pico/pico-sdk/src/rp2_common/hardware_irq/irq.c.obj
                0x10000a00                irq_get_vtable_handler
 .text.irq_has_shared_handler
                0x10000a10       0x24 CMakeFiles/Projekt_zaliczenie.dir/C_/pico/pico-sdk/src/rp2_common/hardware_irq/irq.c.obj
                0x10000a10                irq_has_shared_handler
 .text.irq_set_exclusive_handler
                0x10000a34       0x54 CMakeFiles/Projekt_zaliczenie.dir/C_/pico/pico-sdk/src/rp2_common/hardware_irq/irq.c.obj
                0x10000a34                irq_set_exclusive_handler
 .text.irq_add_shared_handler
                0x10000a88      0x238 CMakeFiles/Projekt_zaliczenie.dir/C_/pico/pico-sdk/src/rp2_common/hardware_irq/irq.c.obj
                0x10000a88                irq_add_shared_handler
 .text.irq_add_tail_to_free_list
                0x10000cc0       0xf4 CMakeFiles/Projekt_zaliczenie.dir/C_/pico/pico-sdk/src/rp2_common/hardware_irq/irq.c.obj
                0x10000cc0                irq_add_tail_to_free_list
 .text.user_irq_claim_unused
                0x10000db4       0x28 CMakeFiles/Projekt_zaliczenie.dir/C_/pico/pico-sdk/src/rp2_common/hardware_irq/irq.c.obj
                0x10000db4                user_irq_claim_unused
 .text.lock_init
                0x10000ddc       0x10 CMakeFiles/Projekt_zaliczenie.dir/C_/pico/pico-sdk/src/common/pico_sync/lock_core.c.obj
                0x10000ddc                lock_init
 .text.mutex_init
                0x10000dec       0x1a CMakeFiles/Projekt_zaliczenie.dir/C_/pico/pico-sdk/src/common/pico_sync/mutex.c.obj
                0x10000dec                mutex_init
 .text.recursive_mutex_init
                0x10000e06       0x1e CMakeFiles/Projekt_zaliczenie.dir/C_/pico/pico-sdk/src/common/pico_sync/mutex.c.obj
                0x10000e06                recursive_mutex_init
 .text.runtime_init_mutex
                0x10000e24       0x4c CMakeFiles/Projekt_zaliczenie.dir/C_/pico/pico-sdk/src/common/pico_sync/mutex.c.obj
                0x10000e24                runtime_init_mutex
 .text.critical_section_init_with_lock_num
                0x10000e70       0x14 CMakeFiles/Projekt_zaliczenie.dir/C_/pico/pico-sdk/src/common/pico_sync/critical_section.c.obj
                0x10000e70                critical_section_init_with_lock_num
 .text.critical_section_init
                0x10000e84       0x14 CMakeFiles/Projekt_zaliczenie.dir/C_/pico/pico-sdk/src/common/pico_sync/critical_section.c.obj
                0x10000e84                critical_section_init
 .text.make_alarm_id
                0x10000e98        0x6 CMakeFiles/Projekt_zaliczenie.dir/C_/pico/pico-sdk/src/common/pico_time/time.c.obj
 *fill*         0x10000e9e        0x2 
 .text.sleep_until_callback
                0x10000ea0       0x30 CMakeFiles/Projekt_zaliczenie.dir/C_/pico/pico-sdk/src/common/pico_time/time.c.obj
 .text.alarm_pool_irq_handler
                0x10000ed0      0x2f0 CMakeFiles/Projekt_zaliczenie.dir/C_/pico/pico-sdk/src/common/pico_time/time.c.obj
 .text.alarm_pool_post_alloc_init
                0x100011c0       0x94 CMakeFiles/Projekt_zaliczenie.dir/C_/pico/pico-sdk/src/common/pico_time/time.c.obj
 .text.alarm_pool_get_default
                0x10001254       0x2c CMakeFiles/Projekt_zaliczenie.dir/C_/pico/pico-sdk/src/common/pico_time/time.c.obj
                0x10001254                alarm_pool_get_default
 .text.alarm_pool_add_alarm_at_force_in_context
                0x10001280       0xb0 CMakeFiles/Projekt_zaliczenie.dir/C_/pico/pico-sdk/src/common/pico_time/time.c.obj
                0x10001280                alarm_pool_add_alarm_at_force_in_context
 .text.alarm_pool_add_alarm_at
                0x10001330       0x3c CMakeFiles/Projekt_zaliczenie.dir/C_/pico/pico-sdk/src/common/pico_time/time.c.obj
                0x10001330                alarm_pool_add_alarm_at
 .text.alarm_pool_cancel_alarm
                0x1000136c       0x78 CMakeFiles/Projekt_zaliczenie.dir/C_/pico/pico-sdk/src/common/pico_time/time.c.obj
                0x1000136c                alarm_pool_cancel_alarm
 .text.alarm_pool_core_num
                0x100013e4        0x4 CMakeFiles/Projekt_zaliczenie.dir/C_/pico/pico-sdk/src/common/pico_time/time.c.obj
                0x100013e4                alarm_pool_core_num
 .text.sleep_until
                0x100013e8       0xc8 CMakeFiles/Projekt_zaliczenie.dir/C_/pico/pico-sdk/src/common/pico_time/time.c.obj
                0x100013e8                sleep_until
 .text.sleep_us
                0x100014b0       0x24 CMakeFiles/Projekt_zaliczenie.dir/C_/pico/pico-sdk/src/common/pico_time/time.c.obj
                0x100014b0                sleep_us
 .text.sleep_ms
                0x100014d4       0x14 CMakeFiles/Projekt_zaliczenie.dir/C_/pico/pico-sdk/src/common/pico_time/time.c.obj
                0x100014d4                sleep_ms
 .text.best_effort_wfe_or_timeout
                0x100014e8      0x114 CMakeFiles/Projekt_zaliczenie.dir/C_/pico/pico-sdk/src/common/pico_time/time.c.obj
                0x100014e8                best_effort_wfe_or_timeout
 .text.alarm_pool_get_default_timer
                0x100015fc        0x8 CMakeFiles/Projekt_zaliczenie.dir/C_/pico/pico-sdk/src/common/pico_time/time.c.obj
                0x100015fc                alarm_pool_get_default_timer
 .text.runtime_init_default_alarm_pool
                0x10001604       0x38 CMakeFiles/Projekt_zaliczenie.dir/C_/pico/pico-sdk/src/common/pico_time/time.c.obj
                0x10001604                runtime_init_default_alarm_pool
 .text.timer_hardware_alarm_claim
                0x1000163c       0x14 CMakeFiles/Projekt_zaliczenie.dir/C_/pico/pico-sdk/src/rp2_common/hardware_timer/timer.c.obj
                0x1000163c                timer_hardware_alarm_claim
 .text.timer_time_us_64
                0x10001650       0x10 CMakeFiles/Projekt_zaliczenie.dir/C_/pico/pico-sdk/src/rp2_common/hardware_timer/timer.c.obj
                0x10001650                timer_time_us_64
 .text.timer_busy_wait_until
                0x10001660       0x1a CMakeFiles/Projekt_zaliczenie.dir/C_/pico/pico-sdk/src/rp2_common/hardware_timer/timer.c.obj
                0x10001660                timer_busy_wait_until
 .text.timer_busy_wait_us
                0x1000167a       0x38 CMakeFiles/Projekt_zaliczenie.dir/C_/pico/pico-sdk/src/rp2_common/hardware_timer/timer.c.obj
                0x1000167a                timer_busy_wait_us
 *fill*         0x100016b2        0x2 
 .text.time_us_64
                0x100016b4       0x10 CMakeFiles/Projekt_zaliczenie.dir/C_/pico/pico-sdk/src/rp2_common/hardware_timer/timer.c.obj
                0x100016b4                time_us_64
 .text.busy_wait_us
                0x100016c4       0x14 CMakeFiles/Projekt_zaliczenie.dir/C_/pico/pico-sdk/src/rp2_common/hardware_timer/timer.c.obj
                0x100016c4                busy_wait_us
 .text.busy_wait_until
                0x100016d8       0x14 CMakeFiles/Projekt_zaliczenie.dir/C_/pico/pico-sdk/src/rp2_common/hardware_timer/timer.c.obj
                0x100016d8                busy_wait_until
 .text.uart_disable_before_lcr_write
                0x100016ec       0x48 CMakeFiles/Projekt_zaliczenie.dir/C_/pico/pico-sdk/src/rp2_common/hardware_uart/uart.c.obj
 .text.uart_write_lcr_bits_masked
                0x10001734       0x20 CMakeFiles/Projekt_zaliczenie.dir/C_/pico/pico-sdk/src/rp2_common/hardware_uart/uart.c.obj
 .text.uart_set_baudrate
                0x10001754       0x5c CMakeFiles/Projekt_zaliczenie.dir/C_/pico/pico-sdk/src/rp2_common/hardware_uart/uart.c.obj
                0x10001754                uart_set_baudrate
 .text.uart_set_translate_crlf
                0x100017b0       0x28 CMakeFiles/Projekt_zaliczenie.dir/C_/pico/pico-sdk/src/rp2_common/hardware_uart/uart.c.obj
                0x100017b0                uart_set_translate_crlf
 .text.uart_init
                0x100017d8       0x84 CMakeFiles/Projekt_zaliczenie.dir/C_/pico/pico-sdk/src/rp2_common/hardware_uart/uart.c.obj
                0x100017d8                uart_init
 .text.clock_configure_internal
                0x1000185c       0xc4 CMakeFiles/Projekt_zaliczenie.dir/C_/pico/pico-sdk/src/rp2_common/hardware_clocks/clocks.c.obj
 .text.clock_configure_int_divider
                0x10001920       0x28 CMakeFiles/Projekt_zaliczenie.dir/C_/pico/pico-sdk/src/rp2_common/hardware_clocks/clocks.c.obj
                0x10001920                clock_configure_int_divider
 .text.clock_configure_undivided
                0x10001948       0x12 CMakeFiles/Projekt_zaliczenie.dir/C_/pico/pico-sdk/src/rp2_common/hardware_clocks/clocks.c.obj
                0x10001948                clock_configure_undivided
 *fill*         0x1000195a        0x2 
 .text.clock_get_hz
                0x1000195c        0xc CMakeFiles/Projekt_zaliczenie.dir/C_/pico/pico-sdk/src/rp2_common/hardware_clocks/clocks.c.obj
                0x1000195c                clock_get_hz
 .text.pll_init
                0x10001968      0x120 CMakeFiles/Projekt_zaliczenie.dir/C_/pico/pico-sdk/src/rp2_common/hardware_pll/pll.c.obj
                0x10001968                pll_init
 .text.watchdog_update
                0x10001a88       0x14 CMakeFiles/Projekt_zaliczenie.dir/C_/pico/pico-sdk/src/rp2_common/hardware_watchdog/watchdog.c.obj
                0x10001a88                watchdog_update
 .text._watchdog_enable
                0x10001a9c       0x7c CMakeFiles/Projekt_zaliczenie.dir/C_/pico/pico-sdk/src/rp2_common/hardware_watchdog/watchdog.c.obj
                0x10001a9c                _watchdog_enable
 .text.watchdog_reboot
                0x10001b18       0x48 CMakeFiles/Projekt_zaliczenie.dir/C_/pico/pico-sdk/src/rp2_common/hardware_watchdog/watchdog.c.obj
                0x10001b18                watchdog_reboot
 .text.tick_start
                0x10001b60       0x10 CMakeFiles/Projekt_zaliczenie.dir/C_/pico/pico-sdk/src/rp2_common/hardware_ticks/ticks.c.obj
                0x10001b60                tick_start
 .text.rom_func_lookup
                0x10001b70       0x10 CMakeFiles/Projekt_zaliczenie.dir/C_/pico/pico-sdk/src/rp2_common/pico_bootrom/bootrom.c.obj
                0x10001b70                rom_func_lookup
 .text.rom_data_lookup
                0x10001b80       0x10 CMakeFiles/Projekt_zaliczenie.dir/C_/pico/pico-sdk/src/rp2_common/pico_bootrom/bootrom.c.obj
                0x10001b80                rom_data_lookup
 .text.rom_funcs_lookup
                0x10001b90       0x36 CMakeFiles/Projekt_zaliczenie.dir/C_/pico/pico-sdk/src/rp2_common/pico_bootrom/bootrom.c.obj
                0x10001b90                rom_funcs_lookup
 *fill*         0x10001bc6        0x2 
 .text.rom_reset_usb_boot_extra
                0x10001bc8       0x24 CMakeFiles/Projekt_zaliczenie.dir/C_/pico/pico-sdk/src/rp2_common/pico_bootrom/bootrom.c.obj
                0x10001bc8                rom_reset_usb_boot_extra
 .text.xosc_init
                0x10001bec       0x28 CMakeFiles/Projekt_zaliczenie.dir/C_/pico/pico-sdk/src/rp2_common/hardware_xosc/xosc.c.obj
                0x10001bec                xosc_init
 .text.hw_divider_divmod_s32
                0x10001c14        0xc CMakeFiles/Projekt_zaliczenie.dir/C_/pico/pico-sdk/src/rp2_common/hardware_divider/divider.S.obj
                0x10001c14                hw_divider_divmod_s32
 .text.hw_divider_divmod_u32
                0x10001c20        0xc CMakeFiles/Projekt_zaliczenie.dir/C_/pico/pico-sdk/src/rp2_common/hardware_divider/divider.S.obj
                0x10001c20                hw_divider_divmod_u32
 .text.hw_divider_divmod_return
                0x10001c2c        0xc CMakeFiles/Projekt_zaliczenie.dir/C_/pico/pico-sdk/src/rp2_common/hardware_divider/divider.S.obj
 .text.runtime_run_initializers_from
                0x10001c38       0x18 CMakeFiles/Projekt_zaliczenie.dir/C_/pico/pico-sdk/src/rp2_common/pico_runtime/runtime.c.obj
 .text.first_per_core_initializer
                0x10001c50        0x2 CMakeFiles/Projekt_zaliczenie.dir/C_/pico/pico-sdk/src/rp2_common/pico_runtime/runtime.c.obj
 *fill*         0x10001c52        0x2 
 .text.runtime_run_initializers
                0x10001c54       0x10 CMakeFiles/Projekt_zaliczenie.dir/C_/pico/pico-sdk/src/rp2_common/pico_runtime/runtime.c.obj
                0x10001c54                runtime_run_initializers
 .text.runtime_init_early_resets
                0x10001c64       0x2c CMakeFiles/Projekt_zaliczenie.dir/C_/pico/pico-sdk/src/rp2_common/pico_runtime_init/runtime_init.c.obj
                0x10001c64                runtime_init_early_resets
 .text.runtime_init_usb_power_down
                0x10001c90       0x1c CMakeFiles/Projekt_zaliczenie.dir/C_/pico/pico-sdk/src/rp2_common/pico_runtime_init/runtime_init.c.obj
                0x10001c90                runtime_init_usb_power_down
 .text.runtime_init_post_clock_resets
                0x10001cac       0x20 CMakeFiles/Projekt_zaliczenie.dir/C_/pico/pico-sdk/src/rp2_common/pico_runtime_init/runtime_init.c.obj
                0x10001cac                runtime_init_post_clock_resets
 .text.runtime_init_rp2040_gpio_ie_disable
                0x10001ccc       0x14 CMakeFiles/Projekt_zaliczenie.dir/C_/pico/pico-sdk/src/rp2_common/pico_runtime_init/runtime_init.c.obj
                0x10001ccc                runtime_init_rp2040_gpio_ie_disable
 .text.runtime_init_spin_locks_reset
                0x10001ce0        0x8 CMakeFiles/Projekt_zaliczenie.dir/C_/pico/pico-sdk/src/rp2_common/pico_runtime_init/runtime_init.c.obj
                0x10001ce0                runtime_init_spin_locks_reset
 .text.runtime_init_install_ram_vector_table
                0x10001ce8       0x1c CMakeFiles/Projekt_zaliczenie.dir/C_/pico/pico-sdk/src/rp2_common/pico_runtime_init/runtime_init.c.obj
                0x10001ce8                runtime_init_install_ram_vector_table
 .text.start_all_ticks
                0x10001d04       0x28 CMakeFiles/Projekt_zaliczenie.dir/C_/pico/pico-sdk/src/rp2_common/pico_runtime_init/runtime_init_clocks.c.obj
 .text.runtime_init_clocks
                0x10001d2c       0xcc CMakeFiles/Projekt_zaliczenie.dir/C_/pico/pico-sdk/src/rp2_common/pico_runtime_init/runtime_init_clocks.c.obj
                0x10001d2c                runtime_init_clocks
 .text          0x10001df8       0x10 CMakeFiles/Projekt_zaliczenie.dir/C_/pico/pico-sdk/src/rp2_common/pico_bit_ops/bit_ops_aeabi.S.obj
 .text.__wrap___aeabi_idiv
                0x10001e08       0x50 CMakeFiles/Projekt_zaliczenie.dir/C_/pico/pico-sdk/src/rp2_common/pico_divider/divider_hardware.S.obj
                0x10001e08                __wrap___aeabi_idivmod
                0x10001e08                divmod_s32s32
                0x10001e08                div_s32s32
                0x10001e08                __wrap___aeabi_idiv
                0x10001e10                divmod_s32s32_unsafe
                0x10001e3c                divmod_s32s32_savestate
 .text.__wrap___aeabi_uidiv
                0x10001e58       0x4c CMakeFiles/Projekt_zaliczenie.dir/C_/pico/pico-sdk/src/rp2_common/pico_divider/divider_hardware.S.obj
                0x10001e58                __wrap___aeabi_uidiv
                0x10001e58                __wrap___aeabi_uidivmod
                0x10001e58                div_u32u32
                0x10001e58                divmod_u32u32
                0x10001e60                divmod_u32u32_unsafe
                0x10001e88                divmod_u32u32_savestate
 .text.__wrap___aeabi_ldiv
                0x10001ea4      0x424 CMakeFiles/Projekt_zaliczenie.dir/C_/pico/pico-sdk/src/rp2_common/pico_divider/divider_hardware.S.obj
                0x10001ea4                div_s64s64
                0x10001ea4                divmod_s64s64
                0x10001ea4                __wrap___aeabi_ldivmod
                0x10001ed4                divmod_u64u64
                0x10001ed4                div_u64u64
                0x10001ed4                __wrap___aeabi_uldivmod
                0x10001ee4                divmod_u64u64_savestate
                0x10001f04                divmod_s64s64_unsafe
                0x10001f8c                divmod_u64u64_unsafe
 .text.__wrap___aeabi_darithmetic
                0x100022c8       0x80 CMakeFiles/Projekt_zaliczenie.dir/C_/pico/pico-sdk/src/rp2_common/pico_double/double_aeabi_rp2040.S.obj
                0x100022c8                __wrap___aeabi_drsub
                0x100022ce                __wrap___aeabi_dsub
                0x100022e0                __wrap___aeabi_dadd
                0x100022f2                __wrap___aeabi_ddiv
                0x1000232e                __wrap___aeabi_dmul
 .text.__wrap___aeabi_cdcmple
                0x10002348       0x6c CMakeFiles/Projekt_zaliczenie.dir/C_/pico/pico-sdk/src/rp2_common/pico_double/double_aeabi_rp2040.S.obj
                0x10002348                __wrap___aeabi_cdrcmple
                0x10002358                __wrap___aeabi_cdcmpeq
                0x10002358                __wrap___aeabi_cdcmple
 .text.__wrap___aeabi_dcmplt
                0x100023b4        0xc CMakeFiles/Projekt_zaliczenie.dir/C_/pico/pico-sdk/src/rp2_common/pico_double/double_aeabi_rp2040.S.obj
                0x100023b4                __wrap___aeabi_dcmplt
 .text.__wrap___aeabi_dcmple
                0x100023c0       0x10 CMakeFiles/Projekt_zaliczenie.dir/C_/pico/pico-sdk/src/rp2_common/pico_double/double_aeabi_rp2040.S.obj
                0x100023c0                __wrap___aeabi_dcmple
 .text.__wrap___aeabi_dcmpge
                0x100023d0       0x10 CMakeFiles/Projekt_zaliczenie.dir/C_/pico/pico-sdk/src/rp2_common/pico_double/double_aeabi_rp2040.S.obj
                0x100023d0                __wrap___aeabi_dcmpge
 .text.__wrap___aeabi_dcmpgt
                0x100023e0        0xa CMakeFiles/Projekt_zaliczenie.dir/C_/pico/pico-sdk/src/rp2_common/pico_double/double_aeabi_rp2040.S.obj
                0x100023e0                __wrap___aeabi_dcmpgt
 .text.__wrap___aeabi_dcmpun
                0x100023ea       0x18 CMakeFiles/Projekt_zaliczenie.dir/C_/pico/pico-sdk/src/rp2_common/pico_double/double_aeabi_rp2040.S.obj
                0x100023ea                __wrap___aeabi_dcmpun
 *fill*         0x10002402        0x2 
 .text.__wrap___aeabi_i2d
                0x10002404       0x38 CMakeFiles/Projekt_zaliczenie.dir/C_/pico/pico-sdk/src/rp2_common/pico_double/double_aeabi_rp2040.S.obj
                0x10002404                __wrap___aeabi_ui2d
                0x1000240c                __wrap___aeabi_i2d
 .text.__wrap___aeabi_d2iz
                0x1000243c       0x48 CMakeFiles/Projekt_zaliczenie.dir/C_/pico/pico-sdk/src/rp2_common/pico_double/double_aeabi_rp2040.S.obj
                0x1000243c                double2int_z
                0x1000243c                __wrap___aeabi_d2iz
 .text.__wrap___aeabi_d2uiz
                0x10002484       0x18 CMakeFiles/Projekt_zaliczenie.dir/C_/pico/pico-sdk/src/rp2_common/pico_double/double_aeabi_rp2040.S.obj
                0x10002484                __wrap___aeabi_d2uiz
                0x10002484                double2uint
 .text.__aeabi_double_init
                0x1000249c       0xc8 CMakeFiles/Projekt_zaliczenie.dir/C_/pico/pico-sdk/src/rp2_common/pico_double/double_init_rom_rp2040.c.obj
                0x1000249c                __aeabi_double_init
 .text.double_table_shim_on_use_helper
                0x10002564       0x34 CMakeFiles/Projekt_zaliczenie.dir/C_/pico/pico-sdk/src/rp2_common/pico_double/double_v1_rom_shim_rp2040.S.obj
                0x10002564                double_table_shim_on_use_helper
 .text.__wrap___aeabi_dsub
                0x10002598       0x10 CMakeFiles/Projekt_zaliczenie.dir/C_/pico/pico-sdk/src/rp2_common/pico_double/double_v1_rom_shim_rp2040.S.obj
                0x10002598                drsub_shim
                0x1000259e                dsub_shim
 .text.dadd_shim
                0x100025a8      0x15c CMakeFiles/Projekt_zaliczenie.dir/C_/pico/pico-sdk/src/rp2_common/pico_double/double_v1_rom_shim_rp2040.S.obj
                0x100025a8                dadd_shim
 .text.dmul_shim
                0x10002704      0x15c CMakeFiles/Projekt_zaliczenie.dir/C_/pico/pico-sdk/src/rp2_common/pico_double/double_v1_rom_shim_rp2040.S.obj
                0x10002704                dmul_shim
 .text.ddiv_shim
                0x10002860      0x1b0 CMakeFiles/Projekt_zaliczenie.dir/C_/pico/pico-sdk/src/rp2_common/pico_double/double_v1_rom_shim_rp2040.S.obj
                0x10002860                ddiv_shim
 .text.double2uint_shim
                0x10002a10        0xe CMakeFiles/Projekt_zaliczenie.dir/C_/pico/pico-sdk/src/rp2_common/pico_double/double_v1_rom_shim_rp2040.S.obj
                0x10002a10                double2uint_shim
                0x10002a12                double2ufix_shim
 *fill*         0x10002a1e        0x2 
 .text.double2uint64_shim
                0x10002a20       0x70 CMakeFiles/Projekt_zaliczenie.dir/C_/pico/pico-sdk/src/rp2_common/pico_double/double_v1_rom_shim_rp2040.S.obj
                0x10002a20                double2uint64_shim
                0x10002a22                double2ufix64_shim
                0x10002a42                d2fix_a
 .text.dunpacks
                0x10002a90       0x3c CMakeFiles/Projekt_zaliczenie.dir/C_/pico/pico-sdk/src/rp2_common/pico_double/double_v1_rom_shim_rp2040.S.obj
                0x10002a90                dunpacks
 .text.__aeabi_lmul
                0x10002acc       0x32 CMakeFiles/Projekt_zaliczenie.dir/C_/pico/pico-sdk/src/rp2_common/pico_int64_ops/pico_int64_ops_aeabi.S.obj
                0x10002acc                __wrap___aeabi_lmul
 *fill*         0x10002afe        0x2 
 .text.__wrap___aeabi_farithmetic
                0x10002b00       0x58 CMakeFiles/Projekt_zaliczenie.dir/C_/pico/pico-sdk/src/rp2_common/pico_float/float_aeabi_rp2040.S.obj
                0x10002b00                __wrap___aeabi_frsub
                0x10002b06                __wrap___aeabi_fsub
                0x10002b10                __wrap___aeabi_fadd
                0x10002b1a                __wrap___aeabi_fdiv
                0x10002b46                __wrap___aeabi_fmul
 .text.__wrap___aeabi_i2f
                0x10002b58       0x44 CMakeFiles/Projekt_zaliczenie.dir/C_/pico/pico-sdk/src/rp2_common/pico_float/float_aeabi_rp2040.S.obj
                0x10002b58                __wrap___aeabi_i2f
                0x10002b58                int2float
 .text.__wrap___aeabi_f2d
                0x10002b9c       0x14 CMakeFiles/Projekt_zaliczenie.dir/C_/pico/pico-sdk/src/rp2_common/pico_float/float_aeabi_rp2040.S.obj
                0x10002b9c                __wrap___aeabi_f2d
 .text.__aeabi_float_init
                0x10002bb0       0xfc CMakeFiles/Projekt_zaliczenie.dir/C_/pico/pico-sdk/src/rp2_common/pico_float/float_init_rom_rp2040.c.obj
                0x10002bb0                __aeabi_float_init
 .text.float_table_shim_on_use_helper
                0x10002cac       0x34 CMakeFiles/Projekt_zaliczenie.dir/C_/pico/pico-sdk/src/rp2_common/pico_float/float_v1_rom_shim_rp2040.S.obj
                0x10002cac                float_table_shim_on_use_helper
 .text.float2double_shim
                0x10002ce0       0x30 CMakeFiles/Projekt_zaliczenie.dir/C_/pico/pico-sdk/src/rp2_common/pico_float/float_v1_rom_shim_rp2040.S.obj
                0x10002ce0                float2double_shim
 .text          0x10002d10       0x10 CMakeFiles/Projekt_zaliczenie.dir/C_/pico/pico-sdk/src/rp2_common/pico_mem_ops/mem_ops_aeabi.S.obj
                0x10002d10                __aeabi_mem_init
 .text.memset   0x10002d20        0xc CMakeFiles/Projekt_zaliczenie.dir/C_/pico/pico-sdk/src/rp2_common/pico_mem_ops/mem_ops_aeabi.S.obj
                0x10002d20                __wrap_memset
 .text.memcpy   0x10002d2c        0xc CMakeFiles/Projekt_zaliczenie.dir/C_/pico/pico-sdk/src/rp2_common/pico_mem_ops/mem_ops_aeabi.S.obj
                0x10002d2c                __wrap_memcpy
                0x10002d2c                __wrap___aeabi_memcpy
 .text._out_null
                0x10002d38        0x2 CMakeFiles/Projekt_zaliczenie.dir/C_/pico/pico-sdk/src/rp2_common/pico_printf/printf.c.obj
 .text._out_fct
                0x10002d3a        0xe CMakeFiles/Projekt_zaliczenie.dir/C_/pico/pico-sdk/src/rp2_common/pico_printf/printf.c.obj
 .text._atoi    0x10002d48       0x24 CMakeFiles/Projekt_zaliczenie.dir/C_/pico/pico-sdk/src/rp2_common/pico_printf/printf.c.obj
 .text._out_rev
                0x10002d6c       0xae CMakeFiles/Projekt_zaliczenie.dir/C_/pico/pico-sdk/src/rp2_common/pico_printf/printf.c.obj
 .text._ntoa_format
                0x10002e1a      0x112 CMakeFiles/Projekt_zaliczenie.dir/C_/pico/pico-sdk/src/rp2_common/pico_printf/printf.c.obj
 .text._ntoa_long
                0x10002f2c       0xbc CMakeFiles/Projekt_zaliczenie.dir/C_/pico/pico-sdk/src/rp2_common/pico_printf/printf.c.obj
 .text._ntoa_long_long
                0x10002fe8       0xe2 CMakeFiles/Projekt_zaliczenie.dir/C_/pico/pico-sdk/src/rp2_common/pico_printf/printf.c.obj
 *fill*         0x100030ca        0x2 
 .text._etoa    0x100030cc      0x414 CMakeFiles/Projekt_zaliczenie.dir/C_/pico/pico-sdk/src/rp2_common/pico_printf/printf.c.obj
 .text._ftoa    0x100034e0      0x354 CMakeFiles/Projekt_zaliczenie.dir/C_/pico/pico-sdk/src/rp2_common/pico_printf/printf.c.obj
 .text._vsnprintf
                0x10003834      0x624 CMakeFiles/Projekt_zaliczenie.dir/C_/pico/pico-sdk/src/rp2_common/pico_printf/printf.c.obj
 .text.vfctprintf
                0x10003e58       0x20 CMakeFiles/Projekt_zaliczenie.dir/C_/pico/pico-sdk/src/rp2_common/pico_printf/printf.c.obj
                0x10003e58                vfctprintf
 .text._exit    0x10003e78        0x4 CMakeFiles/Projekt_zaliczenie.dir/C_/pico/pico-sdk/src/rp2_common/pico_clib_interface/newlib_interface.c.obj
                0x10003e78                _exit
 .text.exit     0x10003e7c        0x6 CMakeFiles/Projekt_zaliczenie.dir/C_/pico/pico-sdk/src/rp2_common/pico_clib_interface/newlib_interface.c.obj
                0x10003e7c                exit
 *fill*         0x10003e82        0x2 
 .text.__assert_func
                0x10003e84       0x3c CMakeFiles/Projekt_zaliczenie.dir/C_/pico/pico-sdk/src/rp2_common/pico_clib_interface/newlib_interface.c.obj
                0x10003e84                __assert_func
 .text.runtime_init
                0x10003ec0       0x28 CMakeFiles/Projekt_zaliczenie.dir/C_/pico/pico-sdk/src/rp2_common/pico_clib_interface/newlib_interface.c.obj
                0x10003ec0                runtime_init
 .text.stdio_out_chars_no_crlf
                0x10003ee8        0xe CMakeFiles/Projekt_zaliczenie.dir/C_/pico/pico-sdk/src/rp2_common/pico_stdio/stdio.c.obj
 *fill*         0x10003ef6        0x2 
 .text.stdio_out_chars_crlf
                0x10003ef8       0x80 CMakeFiles/Projekt_zaliczenie.dir/C_/pico/pico-sdk/src/rp2_common/pico_stdio/stdio.c.obj
 .text.stdio_stack_buffer_flush
                0x10003f78       0x44 CMakeFiles/Projekt_zaliczenie.dir/C_/pico/pico-sdk/src/rp2_common/pico_stdio/stdio.c.obj
 .text.stdio_buffered_printer
                0x10003fbc       0x20 CMakeFiles/Projekt_zaliczenie.dir/C_/pico/pico-sdk/src/rp2_common/pico_stdio/stdio.c.obj
 .text.stdout_serialize_begin
                0x10003fdc       0x30 CMakeFiles/Projekt_zaliczenie.dir/C_/pico/pico-sdk/src/rp2_common/pico_stdio/stdio.c.obj
                0x10003fdc                stdout_serialize_begin
 .text.stdout_serialize_end
                0x1000400c       0x10 CMakeFiles/Projekt_zaliczenie.dir/C_/pico/pico-sdk/src/rp2_common/pico_stdio/stdio.c.obj
                0x1000400c                stdout_serialize_end
 .text.stdio_put_string
                0x1000401c       0x94 CMakeFiles/Projekt_zaliczenie.dir/C_/pico/pico-sdk/src/rp2_common/pico_stdio/stdio.c.obj
                0x1000401c                stdio_put_string
 .text.stdio_set_driver_enabled
                0x100040b0       0x2c CMakeFiles/Projekt_zaliczenie.dir/C_/pico/pico-sdk/src/rp2_common/pico_stdio/stdio.c.obj
                0x100040b0                stdio_set_driver_enabled
 .text.stdio_flush
                0x100040dc       0x20 CMakeFiles/Projekt_zaliczenie.dir/C_/pico/pico-sdk/src/rp2_common/pico_stdio/stdio.c.obj
                0x100040dc                stdio_flush
 .text.stdio_init_all
                0x100040fc        0x8 CMakeFiles/Projekt_zaliczenie.dir/C_/pico/pico-sdk/src/rp2_common/pico_stdio/stdio.c.obj
                0x100040fc                stdio_init_all
 .text.__wrap_puts
                0x10004104       0x1e CMakeFiles/Projekt_zaliczenie.dir/C_/pico/pico-sdk/src/rp2_common/pico_stdio/stdio.c.obj
                0x10004104                stdio_puts
                0x10004104                __wrap_puts
 *fill*         0x10004122        0x2 
 .text.__wrap_vprintf
                0x10004124       0x40 CMakeFiles/Projekt_zaliczenie.dir/C_/pico/pico-sdk/src/rp2_common/pico_stdio/stdio.c.obj
                0x10004124                stdio_vprintf
                0x10004124                __wrap_vprintf
 .text.__wrap_printf
                0x10004164       0x18 CMakeFiles/Projekt_zaliczenie.dir/C_/pico/pico-sdk/src/rp2_common/pico_stdio/stdio.c.obj
                0x10004164                __wrap_printf
                0x10004164                stdio_printf
 .text.resetd_init
                0x1000417c        0x2 CMakeFiles/Projekt_zaliczenie.dir/C_/pico/pico-sdk/src/rp2_common/pico_stdio_usb/reset_interface.c.obj
 *fill*         0x1000417e        0x2 
 .text.resetd_reset
                0x10004180        0xc CMakeFiles/Projekt_zaliczenie.dir/C_/pico/pico-sdk/src/rp2_common/pico_stdio_usb/reset_interface.c.obj
 .text.resetd_open
                0x1000418c       0x34 CMakeFiles/Projekt_zaliczenie.dir/C_/pico/pico-sdk/src/rp2_common/pico_stdio_usb/reset_interface.c.obj
 .text.resetd_xfer_cb
                0x100041c0        0x4 CMakeFiles/Projekt_zaliczenie.dir/C_/pico/pico-sdk/src/rp2_common/pico_stdio_usb/reset_interface.c.obj
 .text.resetd_control_xfer_cb
                0x100041c4       0x60 CMakeFiles/Projekt_zaliczenie.dir/C_/pico/pico-sdk/src/rp2_common/pico_stdio_usb/reset_interface.c.obj
 .text.tud_descriptor_bos_cb
                0x10004224        0x8 CMakeFiles/Projekt_zaliczenie.dir/C_/pico/pico-sdk/src/rp2_common/pico_stdio_usb/reset_interface.c.obj
                0x10004224                tud_descriptor_bos_cb
 .text.tud_vendor_control_xfer_cb
                0x1000422c       0x38 CMakeFiles/Projekt_zaliczenie.dir/C_/pico/pico-sdk/src/rp2_common/pico_stdio_usb/reset_interface.c.obj
                0x1000422c                tud_vendor_control_xfer_cb
 .text.usbd_app_driver_get_cb
                0x10004264        0xc CMakeFiles/Projekt_zaliczenie.dir/C_/pico/pico-sdk/src/rp2_common/pico_stdio_usb/reset_interface.c.obj
                0x10004264                usbd_app_driver_get_cb
 .text.tud_cdc_line_coding_cb
                0x10004270       0x2c CMakeFiles/Projekt_zaliczenie.dir/C_/pico/pico-sdk/src/rp2_common/pico_stdio_usb/reset_interface.c.obj
                0x10004270                tud_cdc_line_coding_cb
 .text.stdio_usb_set_chars_available_callback
                0x1000429c       0x14 CMakeFiles/Projekt_zaliczenie.dir/C_/pico/pico-sdk/src/rp2_common/pico_stdio_usb/stdio_usb.c.obj
                0x1000429c                stdio_usb_set_chars_available_callback
 .text.stdio_usb_out_flush
                0x100042b0       0x4c CMakeFiles/Projekt_zaliczenie.dir/C_/pico/pico-sdk/src/rp2_common/pico_stdio_usb/stdio_usb.c.obj
 .text.usb_irq  0x100042fc       0x10 CMakeFiles/Projekt_zaliczenie.dir/C_/pico/pico-sdk/src/rp2_common/pico_stdio_usb/stdio_usb.c.obj
 .text.low_priority_worker_irq
                0x1000430c       0xd0 CMakeFiles/Projekt_zaliczenie.dir/C_/pico/pico-sdk/src/rp2_common/pico_stdio_usb/stdio_usb.c.obj
 .text.timer_task
                0x100043dc       0x6c CMakeFiles/Projekt_zaliczenie.dir/C_/pico/pico-sdk/src/rp2_common/pico_stdio_usb/stdio_usb.c.obj
 .text.stdio_usb_init
                0x10004448       0xfc CMakeFiles/Projekt_zaliczenie.dir/C_/pico/pico-sdk/src/rp2_common/pico_stdio_usb/stdio_usb.c.obj
                0x10004448                stdio_usb_init
 .text.stdio_usb_connected
                0x10004544        0xa CMakeFiles/Projekt_zaliczenie.dir/C_/pico/pico-sdk/src/rp2_common/pico_stdio_usb/stdio_usb.c.obj
                0x10004544                stdio_usb_connected
 *fill*         0x1000454e        0x2 
 .text.stdio_usb_in_chars
                0x10004550       0x98 CMakeFiles/Projekt_zaliczenie.dir/C_/pico/pico-sdk/src/rp2_common/pico_stdio_usb/stdio_usb.c.obj
                0x10004550                stdio_usb_in_chars
 .text.stdio_usb_out_chars
                0x100045e8       0xe8 CMakeFiles/Projekt_zaliczenie.dir/C_/pico/pico-sdk/src/rp2_common/pico_stdio_usb/stdio_usb.c.obj
 .text.tud_descriptor_device_cb
                0x100046d0        0x8 CMakeFiles/Projekt_zaliczenie.dir/C_/pico/pico-sdk/src/rp2_common/pico_stdio_usb/stdio_usb_descriptors.c.obj
                0x100046d0                tud_descriptor_device_cb
 .text.tud_descriptor_configuration_cb
                0x100046d8        0x8 CMakeFiles/Projekt_zaliczenie.dir/C_/pico/pico-sdk/src/rp2_common/pico_stdio_usb/stdio_usb_descriptors.c.obj
                0x100046d8                tud_descriptor_configuration_cb
 .text.tud_descriptor_string_cb
                0x100046e0       0x6c CMakeFiles/Projekt_zaliczenie.dir/C_/pico/pico-sdk/src/rp2_common/pico_stdio_usb/stdio_usb_descriptors.c.obj
                0x100046e0                tud_descriptor_string_cb
 .text._retrieve_unique_id_on_boot
                0x1000474c       0x10 CMakeFiles/Projekt_zaliczenie.dir/C_/pico/pico-sdk/src/rp2_common/pico_unique_id/unique_id.c.obj
 .text.pico_get_unique_board_id_string
                0x1000475c       0x60 CMakeFiles/Projekt_zaliczenie.dir/C_/pico/pico-sdk/src/rp2_common/pico_unique_id/unique_id.c.obj
                0x1000475c                pico_get_unique_board_id_string
 .text.flash_get_unique_id
                0x100047bc       0x46 CMakeFiles/Projekt_zaliczenie.dir/C_/pico/pico-sdk/src/rp2_common/hardware_flash/flash.c.obj
                0x100047bc                flash_get_unique_id
 *fill*         0x10004802        0x2 
 .text._hw_endpoint_alloc
                0x10004804       0x70 CMakeFiles/Projekt_zaliczenie.dir/C_/pico/pico-sdk/lib/tinyusb/src/portable/raspberrypi/rp2040/dcd_rp2040.c.obj
 .text.hw_endpoint_init
                0x10004874       0xc4 CMakeFiles/Projekt_zaliczenie.dir/C_/pico/pico-sdk/lib/tinyusb/src/portable/raspberrypi/rp2040/dcd_rp2040.c.obj
 .text.hw_endpoint_xfer
                0x10004938       0x20 CMakeFiles/Projekt_zaliczenie.dir/C_/pico/pico-sdk/lib/tinyusb/src/portable/raspberrypi/rp2040/dcd_rp2040.c.obj
 .text.dcd_int_enable
                0x10004958       0x2c CMakeFiles/Projekt_zaliczenie.dir/C_/pico/pico-sdk/lib/tinyusb/src/portable/raspberrypi/rp2040/dcd_rp2040.c.obj
                0x10004958                dcd_int_enable
 .text.dcd_set_address
                0x10004984       0x2c CMakeFiles/Projekt_zaliczenie.dir/C_/pico/pico-sdk/lib/tinyusb/src/portable/raspberrypi/rp2040/dcd_rp2040.c.obj
                0x10004984                dcd_set_address
 .text.dcd_connect
                0x100049b0       0x10 CMakeFiles/Projekt_zaliczenie.dir/C_/pico/pico-sdk/lib/tinyusb/src/portable/raspberrypi/rp2040/dcd_rp2040.c.obj
                0x100049b0                dcd_connect
 .text.dcd_init
                0x100049c0       0x80 CMakeFiles/Projekt_zaliczenie.dir/C_/pico/pico-sdk/lib/tinyusb/src/portable/raspberrypi/rp2040/dcd_rp2040.c.obj
                0x100049c0                dcd_init
 .text.dcd_sof_enable
                0x10004a40       0x1c CMakeFiles/Projekt_zaliczenie.dir/C_/pico/pico-sdk/lib/tinyusb/src/portable/raspberrypi/rp2040/dcd_rp2040.c.obj
                0x10004a40                dcd_sof_enable
 .text.dcd_edpt0_status_complete
                0x10004a5c       0x1c CMakeFiles/Projekt_zaliczenie.dir/C_/pico/pico-sdk/lib/tinyusb/src/portable/raspberrypi/rp2040/dcd_rp2040.c.obj
                0x10004a5c                dcd_edpt0_status_complete
 .text.dcd_edpt_open
                0x10004a78       0x40 CMakeFiles/Projekt_zaliczenie.dir/C_/pico/pico-sdk/lib/tinyusb/src/portable/raspberrypi/rp2040/dcd_rp2040.c.obj
                0x10004a78                dcd_edpt_open
 .text.dcd_edpt_close_all
                0x10004ab8        0x8 CMakeFiles/Projekt_zaliczenie.dir/C_/pico/pico-sdk/lib/tinyusb/src/portable/raspberrypi/rp2040/dcd_rp2040.c.obj
                0x10004ab8                dcd_edpt_close_all
 .text.dcd_edpt_xfer
                0x10004ac0       0x30 CMakeFiles/Projekt_zaliczenie.dir/C_/pico/pico-sdk/lib/tinyusb/src/portable/raspberrypi/rp2040/dcd_rp2040.c.obj
                0x10004ac0                dcd_edpt_xfer
 .text.dcd_edpt_stall
                0x10004af0       0x3c CMakeFiles/Projekt_zaliczenie.dir/C_/pico/pico-sdk/lib/tinyusb/src/portable/raspberrypi/rp2040/dcd_rp2040.c.obj
                0x10004af0                dcd_edpt_stall
 .text.dcd_edpt_clear_stall
                0x10004b2c       0x30 CMakeFiles/Projekt_zaliczenie.dir/C_/pico/pico-sdk/lib/tinyusb/src/portable/raspberrypi/rp2040/dcd_rp2040.c.obj
                0x10004b2c                dcd_edpt_clear_stall
 .text.unaligned_memcpy
                0x10004b5c       0x14 CMakeFiles/Projekt_zaliczenie.dir/C_/pico/pico-sdk/lib/tinyusb/src/portable/raspberrypi/rp2040/rp2040_usb.c.obj
 .text.rp2040_usb_init
                0x10004b70       0x44 CMakeFiles/Projekt_zaliczenie.dir/C_/pico/pico-sdk/lib/tinyusb/src/portable/raspberrypi/rp2040/rp2040_usb.c.obj
                0x10004b70                rp2040_usb_init
 .text.hw_endpoint_xfer_start
                0x10004bb4       0x60 CMakeFiles/Projekt_zaliczenie.dir/C_/pico/pico-sdk/lib/tinyusb/src/portable/raspberrypi/rp2040/rp2040_usb.c.obj
                0x10004bb4                hw_endpoint_xfer_start
 .text.configuration_reset
                0x10004c14       0x84 CMakeFiles/Projekt_zaliczenie.dir/C_/pico/pico-sdk/lib/tinyusb/src/device/usbd.c.obj
 .text.usbd_reset
                0x10004c98        0xc CMakeFiles/Projekt_zaliczenie.dir/C_/pico/pico-sdk/lib/tinyusb/src/device/usbd.c.obj
 .text.invoke_class_control
                0x10004ca4       0x1a CMakeFiles/Projekt_zaliczenie.dir/C_/pico/pico-sdk/lib/tinyusb/src/device/usbd.c.obj
 *fill*         0x10004cbe        0x2 
 .text.process_set_config
                0x10004cc0      0x19c CMakeFiles/Projekt_zaliczenie.dir/C_/pico/pico-sdk/lib/tinyusb/src/device/usbd.c.obj
 .text.tud_event_hook_cb
                0x10004e5c        0x2 CMakeFiles/Projekt_zaliczenie.dir/C_/pico/pico-sdk/lib/tinyusb/src/device/usbd.c.obj
                0x10004e5c                tud_event_hook_cb
 .text.tud_sof_cb
                0x10004e5e        0x2 CMakeFiles/Projekt_zaliczenie.dir/C_/pico/pico-sdk/lib/tinyusb/src/device/usbd.c.obj
                0x10004e5e                tud_sof_cb
 .text.tud_descriptor_device_qualifier_cb
                0x10004e60        0x4 CMakeFiles/Projekt_zaliczenie.dir/C_/pico/pico-sdk/lib/tinyusb/src/device/usbd.c.obj
                0x10004e60                tud_descriptor_device_qualifier_cb
 .text.tud_descriptor_other_speed_configuration_cb
                0x10004e64        0x4 CMakeFiles/Projekt_zaliczenie.dir/C_/pico/pico-sdk/lib/tinyusb/src/device/usbd.c.obj
                0x10004e64                tud_descriptor_other_speed_configuration_cb
 .text.process_get_descriptor
                0x10004e68       0xe0 CMakeFiles/Projekt_zaliczenie.dir/C_/pico/pico-sdk/lib/tinyusb/src/device/usbd.c.obj
 .text.tud_mount_cb
                0x10004f48        0x2 CMakeFiles/Projekt_zaliczenie.dir/C_/pico/pico-sdk/lib/tinyusb/src/device/usbd.c.obj
                0x10004f48                tud_mount_cb
 .text.tud_umount_cb
                0x10004f4a        0x2 CMakeFiles/Projekt_zaliczenie.dir/C_/pico/pico-sdk/lib/tinyusb/src/device/usbd.c.obj
                0x10004f4a                tud_umount_cb
 .text.tud_suspend_cb
                0x10004f4c        0x2 CMakeFiles/Projekt_zaliczenie.dir/C_/pico/pico-sdk/lib/tinyusb/src/device/usbd.c.obj
                0x10004f4c                tud_suspend_cb
 .text.tud_resume_cb
                0x10004f4e        0x2 CMakeFiles/Projekt_zaliczenie.dir/C_/pico/pico-sdk/lib/tinyusb/src/device/usbd.c.obj
                0x10004f4e                tud_resume_cb
 .text.tud_mounted
                0x10004f50       0x10 CMakeFiles/Projekt_zaliczenie.dir/C_/pico/pico-sdk/lib/tinyusb/src/device/usbd.c.obj
                0x10004f50                tud_mounted
 .text.tud_suspended
                0x10004f60       0x10 CMakeFiles/Projekt_zaliczenie.dir/C_/pico/pico-sdk/lib/tinyusb/src/device/usbd.c.obj
                0x10004f60                tud_suspended
 .text.tud_inited
                0x10004f70       0x14 CMakeFiles/Projekt_zaliczenie.dir/C_/pico/pico-sdk/lib/tinyusb/src/device/usbd.c.obj
                0x10004f70                tud_inited
 .text.tud_init
                0x10004f84       0xdc CMakeFiles/Projekt_zaliczenie.dir/C_/pico/pico-sdk/lib/tinyusb/src/device/usbd.c.obj
                0x10004f84                tud_init
 .text.usbd_edpt_open
                0x10005060       0x60 CMakeFiles/Projekt_zaliczenie.dir/C_/pico/pico-sdk/lib/tinyusb/src/device/usbd.c.obj
                0x10005060                usbd_edpt_open
 .text.usbd_open_edpt_pair
                0x100050c0       0x88 CMakeFiles/Projekt_zaliczenie.dir/C_/pico/pico-sdk/lib/tinyusb/src/device/usbd.c.obj
                0x100050c0                usbd_open_edpt_pair
 .text.usbd_edpt_claim
                0x10005148       0x28 CMakeFiles/Projekt_zaliczenie.dir/C_/pico/pico-sdk/lib/tinyusb/src/device/usbd.c.obj
                0x10005148                usbd_edpt_claim
 .text.usbd_edpt_release
                0x10005170       0x28 CMakeFiles/Projekt_zaliczenie.dir/C_/pico/pico-sdk/lib/tinyusb/src/device/usbd.c.obj
                0x10005170                usbd_edpt_release
 .text.usbd_edpt_xfer
                0x10005198       0x88 CMakeFiles/Projekt_zaliczenie.dir/C_/pico/pico-sdk/lib/tinyusb/src/device/usbd.c.obj
                0x10005198                usbd_edpt_xfer
 .text.usbd_edpt_stall
                0x10005220       0x34 CMakeFiles/Projekt_zaliczenie.dir/C_/pico/pico-sdk/lib/tinyusb/src/device/usbd.c.obj
                0x10005220                usbd_edpt_stall
 .text.usbd_edpt_clear_stall
                0x10005254       0x34 CMakeFiles/Projekt_zaliczenie.dir/C_/pico/pico-sdk/lib/tinyusb/src/device/usbd.c.obj
                0x10005254                usbd_edpt_clear_stall
 .text.usbd_edpt_stalled
                0x10005288       0x1c CMakeFiles/Projekt_zaliczenie.dir/C_/pico/pico-sdk/lib/tinyusb/src/device/usbd.c.obj
                0x10005288                usbd_edpt_stalled
 .text.process_control_request
                0x100052a4      0x394 CMakeFiles/Projekt_zaliczenie.dir/C_/pico/pico-sdk/lib/tinyusb/src/device/usbd.c.obj
 .text.tud_task_ext
                0x10005638      0x1d8 CMakeFiles/Projekt_zaliczenie.dir/C_/pico/pico-sdk/lib/tinyusb/src/device/usbd.c.obj
                0x10005638                tud_task_ext
 .text._data_stage_xact
                0x10005810       0x60 CMakeFiles/Projekt_zaliczenie.dir/C_/pico/pico-sdk/lib/tinyusb/src/device/usbd_control.c.obj
 .text.tud_control_status
                0x10005870       0x38 CMakeFiles/Projekt_zaliczenie.dir/C_/pico/pico-sdk/lib/tinyusb/src/device/usbd_control.c.obj
                0x10005870                tud_control_status
 .text.tud_control_xfer
                0x100058a8       0xa8 CMakeFiles/Projekt_zaliczenie.dir/C_/pico/pico-sdk/lib/tinyusb/src/device/usbd_control.c.obj
                0x100058a8                tud_control_xfer
 .text.usbd_control_reset
                0x10005950       0x14 CMakeFiles/Projekt_zaliczenie.dir/C_/pico/pico-sdk/lib/tinyusb/src/device/usbd_control.c.obj
                0x10005950                usbd_control_reset
 .text.usbd_control_set_complete_callback
                0x10005964        0xc CMakeFiles/Projekt_zaliczenie.dir/C_/pico/pico-sdk/lib/tinyusb/src/device/usbd_control.c.obj
                0x10005964                usbd_control_set_complete_callback
 .text.usbd_control_set_request
                0x10005970       0x1c CMakeFiles/Projekt_zaliczenie.dir/C_/pico/pico-sdk/lib/tinyusb/src/device/usbd_control.c.obj
                0x10005970                usbd_control_set_request
 .text.usbd_control_xfer_cb
                0x1000598c       0xf4 CMakeFiles/Projekt_zaliczenie.dir/C_/pico/pico-sdk/lib/tinyusb/src/device/usbd_control.c.obj
                0x1000598c                usbd_control_xfer_cb
 .text._prep_out_transaction
                0x10005a80       0x72 CMakeFiles/Projekt_zaliczenie.dir/C_/pico/pico-sdk/lib/tinyusb/src/class/cdc/cdc_device.c.obj
 *fill*         0x10005af2        0x2 
 .text.tud_cdc_n_connected
                0x10005af4       0x44 CMakeFiles/Projekt_zaliczenie.dir/C_/pico/pico-sdk/lib/tinyusb/src/class/cdc/cdc_device.c.obj
                0x10005af4                tud_cdc_n_connected
 .text.tud_cdc_n_available
                0x10005b38       0x18 CMakeFiles/Projekt_zaliczenie.dir/C_/pico/pico-sdk/lib/tinyusb/src/class/cdc/cdc_device.c.obj
                0x10005b38                tud_cdc_n_available
 .text.tud_cdc_n_read
                0x10005b50       0x38 CMakeFiles/Projekt_zaliczenie.dir/C_/pico/pico-sdk/lib/tinyusb/src/class/cdc/cdc_device.c.obj
                0x10005b50                tud_cdc_n_read
 .text.tud_cdc_n_write_flush
                0x10005b88       0xcc CMakeFiles/Projekt_zaliczenie.dir/C_/pico/pico-sdk/lib/tinyusb/src/class/cdc/cdc_device.c.obj
                0x10005b88                tud_cdc_n_write_flush
 .text.tud_cdc_n_write
                0x10005c54       0x48 CMakeFiles/Projekt_zaliczenie.dir/C_/pico/pico-sdk/lib/tinyusb/src/class/cdc/cdc_device.c.obj
                0x10005c54                tud_cdc_n_write
 .text.tud_cdc_n_write_available
                0x10005c9c       0x1c CMakeFiles/Projekt_zaliczenie.dir/C_/pico/pico-sdk/lib/tinyusb/src/class/cdc/cdc_device.c.obj
                0x10005c9c                tud_cdc_n_write_available
 .text.cdcd_init
                0x10005cb8       0xc0 CMakeFiles/Projekt_zaliczenie.dir/C_/pico/pico-sdk/lib/tinyusb/src/class/cdc/cdc_device.c.obj
                0x10005cb8                cdcd_init
 .text.cdcd_deinit
                0x10005d78       0x50 CMakeFiles/Projekt_zaliczenie.dir/C_/pico/pico-sdk/lib/tinyusb/src/class/cdc/cdc_device.c.obj
                0x10005d78                cdcd_deinit
 .text.cdcd_reset
                0x10005dc8       0x78 CMakeFiles/Projekt_zaliczenie.dir/C_/pico/pico-sdk/lib/tinyusb/src/class/cdc/cdc_device.c.obj
                0x10005dc8                cdcd_reset
 .text.cdcd_open
                0x10005e40       0xf8 CMakeFiles/Projekt_zaliczenie.dir/C_/pico/pico-sdk/lib/tinyusb/src/class/cdc/cdc_device.c.obj
                0x10005e40                cdcd_open
 .text.cdcd_control_xfer_cb
                0x10005f38      0x138 CMakeFiles/Projekt_zaliczenie.dir/C_/pico/pico-sdk/lib/tinyusb/src/class/cdc/cdc_device.c.obj
                0x10005f38                cdcd_control_xfer_cb
 .text.cdcd_xfer_cb
                0x10006070      0x144 CMakeFiles/Projekt_zaliczenie.dir/C_/pico/pico-sdk/lib/tinyusb/src/class/cdc/cdc_device.c.obj
                0x10006070                cdcd_xfer_cb
 .text.tud_vendor_n_mounted
                0x100061b4       0x38 CMakeFiles/Projekt_zaliczenie.dir/C_/pico/pico-sdk/lib/tinyusb/src/class/vendor/vendor_device.c.obj
                0x100061b4                tud_vendor_n_mounted
 .text.tud_vendor_n_write_flush
                0x100061ec       0x24 CMakeFiles/Projekt_zaliczenie.dir/C_/pico/pico-sdk/lib/tinyusb/src/class/vendor/vendor_device.c.obj
                0x100061ec                tud_vendor_n_write_flush
 .text.vendord_init
                0x10006210       0x90 CMakeFiles/Projekt_zaliczenie.dir/C_/pico/pico-sdk/lib/tinyusb/src/class/vendor/vendor_device.c.obj
                0x10006210                vendord_init
 .text.vendord_deinit
                0x100062a0       0x38 CMakeFiles/Projekt_zaliczenie.dir/C_/pico/pico-sdk/lib/tinyusb/src/class/vendor/vendor_device.c.obj
                0x100062a0                vendord_deinit
 .text.vendord_reset
                0x100062d8       0x3c CMakeFiles/Projekt_zaliczenie.dir/C_/pico/pico-sdk/lib/tinyusb/src/class/vendor/vendor_device.c.obj
                0x100062d8                vendord_reset
 .text.vendord_open
                0x10006314      0x174 CMakeFiles/Projekt_zaliczenie.dir/C_/pico/pico-sdk/lib/tinyusb/src/class/vendor/vendor_device.c.obj
                0x10006314                vendord_open
 .text.vendord_xfer_cb
                0x10006488       0xc0 CMakeFiles/Projekt_zaliczenie.dir/C_/pico/pico-sdk/lib/tinyusb/src/class/vendor/vendor_device.c.obj
                0x10006488                vendord_xfer_cb
 .text.tusb_init
                0x10006548       0x24 CMakeFiles/Projekt_zaliczenie.dir/C_/pico/pico-sdk/lib/tinyusb/src/tusb.c.obj
                0x10006548                tusb_init
 .text.tu_edpt_claim
                0x1000656c       0x50 CMakeFiles/Projekt_zaliczenie.dir/C_/pico/pico-sdk/lib/tinyusb/src/tusb.c.obj
                0x1000656c                tu_edpt_claim
 .text.tu_edpt_release
                0x100065bc       0x3c CMakeFiles/Projekt_zaliczenie.dir/C_/pico/pico-sdk/lib/tinyusb/src/tusb.c.obj
                0x100065bc                tu_edpt_release
 .text.tu_edpt_validate
                0x100065f8       0xac CMakeFiles/Projekt_zaliczenie.dir/C_/pico/pico-sdk/lib/tinyusb/src/tusb.c.obj
                0x100065f8                tu_edpt_validate
 .text.tu_edpt_bind_driver
                0x100066a4       0x26 CMakeFiles/Projekt_zaliczenie.dir/C_/pico/pico-sdk/lib/tinyusb/src/tusb.c.obj
                0x100066a4                tu_edpt_bind_driver
 .text.tu_edpt_stream_init
                0x100066ca       0x68 CMakeFiles/Projekt_zaliczenie.dir/C_/pico/pico-sdk/lib/tinyusb/src/tusb.c.obj
                0x100066ca                tu_edpt_stream_init
 .text.tu_edpt_stream_deinit
                0x10006732        0x4 CMakeFiles/Projekt_zaliczenie.dir/C_/pico/pico-sdk/lib/tinyusb/src/tusb.c.obj
                0x10006732                tu_edpt_stream_deinit
 *fill*         0x10006736        0x2 
 .text.tu_edpt_stream_write_zlp_if_needed
                0x10006738       0x80 CMakeFiles/Projekt_zaliczenie.dir/C_/pico/pico-sdk/lib/tinyusb/src/tusb.c.obj
                0x10006738                tu_edpt_stream_write_zlp_if_needed
 .text.tu_edpt_stream_write_xfer
                0x100067b8       0x84 CMakeFiles/Projekt_zaliczenie.dir/C_/pico/pico-sdk/lib/tinyusb/src/tusb.c.obj
                0x100067b8                tu_edpt_stream_write_xfer
 .text.tu_edpt_stream_read_xfer
                0x1000683c       0xf4 CMakeFiles/Projekt_zaliczenie.dir/C_/pico/pico-sdk/lib/tinyusb/src/tusb.c.obj
                0x1000683c                tu_edpt_stream_read_xfer
 .text.advance_index
                0x10006930       0x1a CMakeFiles/Projekt_zaliczenie.dir/C_/pico/pico-sdk/lib/tinyusb/src/common/tusb_fifo.c.obj
 .text._tu_fifo_peek
                0x1000694a       0x56 CMakeFiles/Projekt_zaliczenie.dir/C_/pico/pico-sdk/lib/tinyusb/src/common/tusb_fifo.c.obj
 .text._ff_pull_n
                0x100069a0       0x68 CMakeFiles/Projekt_zaliczenie.dir/C_/pico/pico-sdk/lib/tinyusb/src/common/tusb_fifo.c.obj
 .text._tu_fifo_peek_n
                0x10006a08       0x6a CMakeFiles/Projekt_zaliczenie.dir/C_/pico/pico-sdk/lib/tinyusb/src/common/tusb_fifo.c.obj
 .text._tu_fifo_read_n
                0x10006a72       0x4e CMakeFiles/Projekt_zaliczenie.dir/C_/pico/pico-sdk/lib/tinyusb/src/common/tusb_fifo.c.obj
 .text._ff_push_n
                0x10006ac0       0x68 CMakeFiles/Projekt_zaliczenie.dir/C_/pico/pico-sdk/lib/tinyusb/src/common/tusb_fifo.c.obj
 .text._tu_fifo_write_n
                0x10006b28       0xf0 CMakeFiles/Projekt_zaliczenie.dir/C_/pico/pico-sdk/lib/tinyusb/src/common/tusb_fifo.c.obj
 .text.tu_fifo_config
                0x10006c18       0x7c CMakeFiles/Projekt_zaliczenie.dir/C_/pico/pico-sdk/lib/tinyusb/src/common/tusb_fifo.c.obj
                0x10006c18                tu_fifo_config
 .text.tu_fifo_count
                0x10006c94       0x2a CMakeFiles/Projekt_zaliczenie.dir/C_/pico/pico-sdk/lib/tinyusb/src/common/tusb_fifo.c.obj
                0x10006c94                tu_fifo_count
 .text.tu_fifo_empty
                0x10006cbe       0x10 CMakeFiles/Projekt_zaliczenie.dir/C_/pico/pico-sdk/lib/tinyusb/src/common/tusb_fifo.c.obj
                0x10006cbe                tu_fifo_empty
 .text.tu_fifo_full
                0x10006cce       0x28 CMakeFiles/Projekt_zaliczenie.dir/C_/pico/pico-sdk/lib/tinyusb/src/common/tusb_fifo.c.obj
                0x10006cce                tu_fifo_full
 .text.tu_fifo_remaining
                0x10006cf6       0x2c CMakeFiles/Projekt_zaliczenie.dir/C_/pico/pico-sdk/lib/tinyusb/src/common/tusb_fifo.c.obj
                0x10006cf6                tu_fifo_remaining
 .text.tu_fifo_read
                0x10006d22       0x42 CMakeFiles/Projekt_zaliczenie.dir/C_/pico/pico-sdk/lib/tinyusb/src/common/tusb_fifo.c.obj
                0x10006d22                tu_fifo_read
 .text.tu_fifo_read_n
                0x10006d64        0xa CMakeFiles/Projekt_zaliczenie.dir/C_/pico/pico-sdk/lib/tinyusb/src/common/tusb_fifo.c.obj
                0x10006d64                tu_fifo_read_n
 .text.tu_fifo_write
                0x10006d6e       0x64 CMakeFiles/Projekt_zaliczenie.dir/C_/pico/pico-sdk/lib/tinyusb/src/common/tusb_fifo.c.obj
                0x10006d6e                tu_fifo_write
 .text.tu_fifo_write_n
                0x10006dd2        0xa CMakeFiles/Projekt_zaliczenie.dir/C_/pico/pico-sdk/lib/tinyusb/src/common/tusb_fifo.c.obj
                0x10006dd2                tu_fifo_write_n
 .text.tu_fifo_clear
                0x10006ddc       0x3e CMakeFiles/Projekt_zaliczenie.dir/C_/pico/pico-sdk/lib/tinyusb/src/common/tusb_fifo.c.obj
                0x10006ddc                tu_fifo_clear
 .text.tu_fifo_set_overwritable
                0x10006e1a       0x46 CMakeFiles/Projekt_zaliczenie.dir/C_/pico/pico-sdk/lib/tinyusb/src/common/tusb_fifo.c.obj
                0x10006e1a                tu_fifo_set_overwritable
 .text.spi_set_baudrate
                0x10006e60       0xb4 CMakeFiles/Projekt_zaliczenie.dir/C_/pico/pico-sdk/src/rp2_common/hardware_spi/spi.c.obj
                0x10006e60                spi_set_baudrate
 .text.spi_init
                0x10006f14       0x8c CMakeFiles/Projekt_zaliczenie.dir/C_/pico/pico-sdk/src/rp2_common/hardware_spi/spi.c.obj
                0x10006f14                spi_init
 .text.i2c_write_blocking_internal
                0x10006fa0      0x158 CMakeFiles/Projekt_zaliczenie.dir/C_/pico/pico-sdk/src/rp2_common/hardware_i2c/i2c.c.obj
 .text.i2c_read_blocking_internal
                0x100070f8       0xfc CMakeFiles/Projekt_zaliczenie.dir/C_/pico/pico-sdk/src/rp2_common/hardware_i2c/i2c.c.obj
 .text.i2c_set_baudrate
                0x100071f4       0xf0 CMakeFiles/Projekt_zaliczenie.dir/C_/pico/pico-sdk/src/rp2_common/hardware_i2c/i2c.c.obj
                0x100071f4                i2c_set_baudrate
 .text.i2c_init
                0x100072e4       0x6c CMakeFiles/Projekt_zaliczenie.dir/C_/pico/pico-sdk/src/rp2_common/hardware_i2c/i2c.c.obj
                0x100072e4                i2c_init
 .text.i2c_write_blocking
                0x10007350       0x18 CMakeFiles/Projekt_zaliczenie.dir/C_/pico/pico-sdk/src/rp2_common/hardware_i2c/i2c.c.obj
                0x10007350                i2c_write_blocking
 .text.i2c_read_blocking
                0x10007368       0x18 CMakeFiles/Projekt_zaliczenie.dir/C_/pico/pico-sdk/src/rp2_common/hardware_i2c/i2c.c.obj
                0x10007368                i2c_read_blocking
 .text.strlen   0x10007380       0x5c c:/progra~2/gnuarm~1/102021~1.10/bin/../lib/gcc/arm-none-eabi/10.3.1/../../../../arm-none-eabi/lib/thumb/v6-m/nofp\libg.a(lib_a-strlen-stub.o)
                0x10007380                strlen
 *(.fini)
 .fini          0x100073dc        0x4 c:/progra~2/gnuarm~1/102021~1.10/bin/../lib/gcc/arm-none-eabi/10.3.1/thumb/v6-m/nofp/crti.o
                0x100073dc                _fini
 .fini.__stub   0x100073e0       0xd0 linker stubs
 *crtbegin.o(.ctors)
 *crtbegin?.o(.ctors)
 *(EXCLUDE_FILE(*crtend.o *crtend?.o) .ctors)
 *(SORT_BY_NAME(.ctors.*))
 *(.ctors)
 *crtbegin.o(.dtors)
 *crtbegin?.o(.dtors)
 *(EXCLUDE_FILE(*crtend.o *crtend?.o) .dtors)
 *(SORT_BY_NAME(.dtors.*))
 *(.dtors)
                0x100074b0                . = ALIGN (0x4)
                0x100074b0                PROVIDE (__preinit_array_start = .)
 *(SORT_BY_NAME(.preinit_array.*))
 .preinit_array.00100
                0x100074b0        0x4 CMakeFiles/Projekt_zaliczenie.dir/C_/pico/pico-sdk/src/rp2_common/pico_runtime_init/runtime_init.c.obj
                0x100074b0                __pre_init_runtime_init_early_resets
 .preinit_array.00101
                0x100074b4        0x4 CMakeFiles/Projekt_zaliczenie.dir/C_/pico/pico-sdk/src/rp2_common/pico_runtime_init/runtime_init.c.obj
                0x100074b4                __pre_init_runtime_init_usb_power_down
 .preinit_array.00275
                0x100074b8        0x4 CMakeFiles/Projekt_zaliczenie.dir/C_/pico/pico-sdk/src/rp2_common/pico_bit_ops/bit_ops_aeabi.S.obj
 .preinit_array.00300
                0x100074bc        0x4 CMakeFiles/Projekt_zaliczenie.dir/C_/pico/pico-sdk/src/rp2_common/pico_mem_ops/mem_ops_aeabi.S.obj
 .preinit_array.00350
                0x100074c0        0x4 CMakeFiles/Projekt_zaliczenie.dir/C_/pico/pico-sdk/src/rp2_common/pico_double/double_aeabi_rp2040.S.obj
 .preinit_array.00350
                0x100074c4        0x4 CMakeFiles/Projekt_zaliczenie.dir/C_/pico/pico-sdk/src/rp2_common/pico_float/float_aeabi_rp2040.S.obj
 .preinit_array.00500
                0x100074c8        0x4 CMakeFiles/Projekt_zaliczenie.dir/C_/pico/pico-sdk/src/rp2_common/pico_runtime_init/runtime_init.c.obj
                0x100074c8                __pre_init_runtime_init_clocks
 .preinit_array.00600
                0x100074cc        0x4 CMakeFiles/Projekt_zaliczenie.dir/C_/pico/pico-sdk/src/rp2_common/pico_runtime_init/runtime_init.c.obj
                0x100074cc                __pre_init_runtime_init_post_clock_resets
 .preinit_array.00700
                0x100074d0        0x4 CMakeFiles/Projekt_zaliczenie.dir/C_/pico/pico-sdk/src/rp2_common/pico_runtime_init/runtime_init.c.obj
                0x100074d0                __pre_init_runtime_init_rp2040_gpio_ie_disable
 .preinit_array.01000
                0x100074d4        0x4 CMakeFiles/Projekt_zaliczenie.dir/C_/pico/pico-sdk/src/rp2_common/pico_runtime_init/runtime_init.c.obj
                0x100074d4                __pre_init_runtime_init_spin_locks_reset
 .preinit_array.01100
                0x100074d8        0x4 CMakeFiles/Projekt_zaliczenie.dir/C_/pico/pico-sdk/src/common/pico_sync/mutex.c.obj
                0x100074d8                __pre_init_runtime_init_mutex
 .preinit_array.10080
                0x100074dc        0x4 CMakeFiles/Projekt_zaliczenie.dir/C_/pico/pico-sdk/src/rp2_common/pico_runtime_init/runtime_init.c.obj
                0x100074dc                __pre_init_runtime_init_install_ram_vector_table
 .preinit_array.11000
                0x100074e0        0x4 CMakeFiles/Projekt_zaliczenie.dir/C_/pico/pico-sdk/src/common/pico_time/time.c.obj
                0x100074e0                __pre_init_runtime_init_default_alarm_pool
 .preinit_array.YYYYY
                0x100074e4        0x4 CMakeFiles/Projekt_zaliczenie.dir/C_/pico/pico-sdk/src/rp2_common/pico_runtime/runtime.c.obj
                0x100074e4                __pre_init_first_per_core_initializer
 .preinit_array.ZZZZZ.01200
                0x100074e8        0x4 CMakeFiles/Projekt_zaliczenie.dir/C_/pico/pico-sdk/src/rp2_common/hardware_irq/irq.c.obj
                0x100074e8                __pre_init_runtime_init_per_core_irq_priorities
 *(.preinit_array)
                0x100074ec                PROVIDE (__preinit_array_end = .)
                0x100074ec                . = ALIGN (0x4)
                0x100074ec                PROVIDE (__init_array_start = .)
 *(SORT_BY_NAME(.init_array.*))
 *(.init_array)
 .init_array    0x100074ec        0x4 c:/progra~2/gnuarm~1/102021~1.10/bin/../lib/gcc/arm-none-eabi/10.3.1/thumb/v6-m/nofp/crtbegin.o
 .init_array    0x100074f0        0x4 CMakeFiles/Projekt_zaliczenie.dir/C_/pico/pico-sdk/src/rp2_common/pico_unique_id/unique_id.c.obj
                0x100074f4                PROVIDE (__init_array_end = .)
                0x100074f4                . = ALIGN (0x4)
                [!provide]                PROVIDE (__fini_array_start = .)
 *(SORT_BY_NAME(.fini_array.*))
 *(.fini_array)
                [!provide]                PROVIDE (__fini_array_end = .)
 *(.eh_frame*)
 .eh_frame      0x100074f4        0x0 c:/progra~2/gnuarm~1/102021~1.10/bin/../lib/gcc/arm-none-eabi/10.3.1/thumb/v6-m/nofp/crtbegin.o
                0x100074f4                . = ALIGN (0x4)

.glue_7         0x100074f4        0x0
 .glue_7        0x100074f4        0x0 linker stubs

.glue_7t        0x100074f4        0x0
 .glue_7t       0x100074f4        0x0 linker stubs

.vfp11_veneer   0x100074f4        0x0
 .vfp11_veneer  0x100074f4        0x0 linker stubs

.v4_bx          0x100074f4        0x0
 .v4_bx         0x100074f4        0x0 linker stubs

.iplt           0x100074f4        0x0
 .iplt          0x100074f4        0x0 c:/progra~2/gnuarm~1/102021~1.10/bin/../lib/gcc/arm-none-eabi/10.3.1/thumb/v6-m/nofp/crtbegin.o

.rodata         0x100074f8     0x1428
 *(EXCLUDE_FILE(*libm.a: *libc.a:*lib_a-mem*.o *libgcc.a:) .rodata*)
 .rodata.main.str1.4
                0x100074f8       0x50 CMakeFiles/Projekt_zaliczenie.dir/Projekt_zaliczenie.c.obj
 .rodata.rp2040_chip_version.str1.4
                0x10007548       0x6d CMakeFiles/Projekt_zaliczenie.dir/C_/pico/pico-sdk/src/rp2040/pico_platform/platform.c.obj
 *fill*         0x100075b5        0x3 
 .rodata.__func__.0
                0x100075b8       0x14 CMakeFiles/Projekt_zaliczenie.dir/C_/pico/pico-sdk/src/rp2040/pico_platform/platform.c.obj
 .rodata.panic.str1.4
                0x100075cc       0x12 CMakeFiles/Projekt_zaliczenie.dir/C_/pico/pico-sdk/src/rp2_common/pico_platform_panic/panic.c.obj
 *fill*         0x100075de        0x2 
 .rodata.spin_lock_claim_unused.str1.4
                0x100075e0       0x1b CMakeFiles/Projekt_zaliczenie.dir/C_/pico/pico-sdk/src/rp2_common/hardware_sync/sync.c.obj
 *fill*         0x100075fb        0x1 
 .rodata.make_j_16.str1.4
                0x100075fc       0x63 CMakeFiles/Projekt_zaliczenie.dir/C_/pico/pico-sdk/src/rp2_common/hardware_irq/irq.c.obj
 *fill*         0x1000765f        0x1 
 .rodata.irq_set_exclusive_handler.str1.4
                0x10007660       0x36 CMakeFiles/Projekt_zaliczenie.dir/C_/pico/pico-sdk/src/rp2_common/hardware_irq/irq.c.obj
 *fill*         0x10007696        0x2 
 .rodata.irq_add_shared_handler.str1.4
                0x10007698       0xe9 CMakeFiles/Projekt_zaliczenie.dir/C_/pico/pico-sdk/src/rp2_common/hardware_irq/irq.c.obj
 *fill*         0x10007781        0x3 
 .rodata.irq_add_tail_to_free_list.str1.4
                0x10007784       0x3a CMakeFiles/Projekt_zaliczenie.dir/C_/pico/pico-sdk/src/rp2_common/hardware_irq/irq.c.obj
 *fill*         0x100077be        0x2 
 .rodata.user_irq_claim_unused.str1.4
                0x100077c0       0x1b CMakeFiles/Projekt_zaliczenie.dir/C_/pico/pico-sdk/src/rp2_common/hardware_irq/irq.c.obj
 *fill*         0x100077db        0x1 
 .rodata.__func__.0
                0x100077dc       0x1a CMakeFiles/Projekt_zaliczenie.dir/C_/pico/pico-sdk/src/rp2_common/hardware_irq/irq.c.obj
 *fill*         0x100077f6        0x2 
 .rodata.__func__.3
                0x100077f8        0xa CMakeFiles/Projekt_zaliczenie.dir/C_/pico/pico-sdk/src/rp2_common/hardware_irq/irq.c.obj
 *fill*         0x10007802        0x2 
 .rodata.__func__.4
                0x10007804        0xd CMakeFiles/Projekt_zaliczenie.dir/C_/pico/pico-sdk/src/rp2_common/hardware_irq/irq.c.obj
 *fill*         0x10007811        0x3 
 .rodata.__func__.5
                0x10007814       0x17 CMakeFiles/Projekt_zaliczenie.dir/C_/pico/pico-sdk/src/rp2_common/hardware_irq/irq.c.obj
 *fill*         0x1000782b        0x1 
 .rodata.__func__.6
                0x1000782c       0x1a CMakeFiles/Projekt_zaliczenie.dir/C_/pico/pico-sdk/src/rp2_common/hardware_irq/irq.c.obj
 *fill*         0x10007846        0x2 
 .rodata.runtime_init_mutex.str1.4
                0x10007848       0x4e CMakeFiles/Projekt_zaliczenie.dir/C_/pico/pico-sdk/src/common/pico_sync/mutex.c.obj
 *fill*         0x10007896        0x2 
 .rodata.str1.4
                0x10007898       0x51 CMakeFiles/Projekt_zaliczenie.dir/C_/pico/pico-sdk/src/common/pico_sync/mutex.c.obj
 *fill*         0x100078e9        0x3 
 .rodata.__func__.1
                0x100078ec        0xb CMakeFiles/Projekt_zaliczenie.dir/C_/pico/pico-sdk/src/common/pico_sync/mutex.c.obj
 *fill*         0x100078f7        0x1 
 .rodata.__func__.3
                0x100078f8       0x18 CMakeFiles/Projekt_zaliczenie.dir/C_/pico/pico-sdk/src/common/pico_sync/mutex.c.obj
 .rodata.__func__.6
                0x10007910       0x13 CMakeFiles/Projekt_zaliczenie.dir/C_/pico/pico-sdk/src/common/pico_sync/mutex.c.obj
 *fill*         0x10007923        0x1 
 .rodata.alarm_pool_irq_handler.str1.4
                0x10007924       0x59 CMakeFiles/Projekt_zaliczenie.dir/C_/pico/pico-sdk/src/common/pico_time/time.c.obj
 *fill*         0x1000797d        0x3 
 .rodata.alarm_pool_get_default.str1.4
                0x10007980       0x21 CMakeFiles/Projekt_zaliczenie.dir/C_/pico/pico-sdk/src/common/pico_time/time.c.obj
 *fill*         0x100079a1        0x3 
 .rodata.sleep_until.str1.4
                0x100079a4       0x4d CMakeFiles/Projekt_zaliczenie.dir/C_/pico/pico-sdk/src/common/pico_time/time.c.obj
 *fill*         0x100079f1        0x3 
 .rodata.__func__.1
                0x100079f4       0x17 CMakeFiles/Projekt_zaliczenie.dir/C_/pico/pico-sdk/src/common/pico_time/time.c.obj
 *fill*         0x10007a0b        0x1 
 .rodata.__func__.2
                0x10007a0c       0x17 CMakeFiles/Projekt_zaliczenie.dir/C_/pico/pico-sdk/src/common/pico_time/time.c.obj
 *fill*         0x10007a23        0x1 
 .rodata.timer_hardware_alarm_claim.str1.4
                0x10007a24       0x22 CMakeFiles/Projekt_zaliczenie.dir/C_/pico/pico-sdk/src/rp2_common/hardware_timer/timer.c.obj
 *fill*         0x10007a46        0x2 
 .rodata.pll_init.str1.4
                0x10007a48      0x108 CMakeFiles/Projekt_zaliczenie.dir/C_/pico/pico-sdk/src/rp2_common/hardware_pll/pll.c.obj
 .rodata.__func__.0
                0x10007b50        0x9 CMakeFiles/Projekt_zaliczenie.dir/C_/pico/pico-sdk/src/rp2_common/hardware_pll/pll.c.obj
 *fill*         0x10007b59        0x3 
 .rodata.__aeabi_double_init.str1.4
                0x10007b5c       0x89 CMakeFiles/Projekt_zaliczenie.dir/C_/pico/pico-sdk/src/rp2_common/pico_double/double_init_rom_rp2040.c.obj
 *fill*         0x10007be5        0x3 
 .rodata.__func__.0
                0x10007be8       0x14 CMakeFiles/Projekt_zaliczenie.dir/C_/pico/pico-sdk/src/rp2_common/pico_double/double_init_rom_rp2040.c.obj
 .rodata.__aeabi_float_init.str1.4
                0x10007bfc       0x77 CMakeFiles/Projekt_zaliczenie.dir/C_/pico/pico-sdk/src/rp2_common/pico_float/float_init_rom_rp2040.c.obj
                                 0x7b (size before relaxing)
 *fill*         0x10007c73        0x1 
 .rodata.__func__.0
                0x10007c74       0x13 CMakeFiles/Projekt_zaliczenie.dir/C_/pico/pico-sdk/src/rp2_common/pico_float/float_init_rom_rp2040.c.obj
 *fill*         0x10007c87        0x1 
 .rodata.str1.4
                0x10007c88       0x4c CMakeFiles/Projekt_zaliczenie.dir/C_/pico/pico-sdk/src/rp2_common/pico_standard_binary_info/standard_binary_info.c.obj
 .rodata.__bi_26
                0x10007cd4        0xc CMakeFiles/Projekt_zaliczenie.dir/C_/pico/pico-sdk/src/rp2_common/pico_standard_binary_info/standard_binary_info.c.obj
 .rodata.__bi_34
                0x10007ce0        0xc CMakeFiles/Projekt_zaliczenie.dir/C_/pico/pico-sdk/src/rp2_common/pico_standard_binary_info/standard_binary_info.c.obj
 .rodata.__bi_42
                0x10007cec        0xc CMakeFiles/Projekt_zaliczenie.dir/C_/pico/pico-sdk/src/rp2_common/pico_standard_binary_info/standard_binary_info.c.obj
 .rodata.__bi_48
                0x10007cf8        0xc CMakeFiles/Projekt_zaliczenie.dir/C_/pico/pico-sdk/src/rp2_common/pico_standard_binary_info/standard_binary_info.c.obj
 .rodata.__bi_54
                0x10007d04        0xc CMakeFiles/Projekt_zaliczenie.dir/C_/pico/pico-sdk/src/rp2_common/pico_standard_binary_info/standard_binary_info.c.obj
 .rodata.__bi_60
                0x10007d10        0xc CMakeFiles/Projekt_zaliczenie.dir/C_/pico/pico-sdk/src/rp2_common/pico_standard_binary_info/standard_binary_info.c.obj
 .rodata.__bi_78
                0x10007d1c        0xc CMakeFiles/Projekt_zaliczenie.dir/C_/pico/pico-sdk/src/rp2_common/pico_standard_binary_info/standard_binary_info.c.obj
 .rodata.__bi_84
                0x10007d28        0xc CMakeFiles/Projekt_zaliczenie.dir/C_/pico/pico-sdk/src/rp2_common/pico_standard_binary_info/standard_binary_info.c.obj
 .rodata._ftoa.str1.4
                0x10007d34       0x15 CMakeFiles/Projekt_zaliczenie.dir/C_/pico/pico-sdk/src/rp2_common/pico_printf/printf.c.obj
 *fill*         0x10007d49        0x3 
 .rodata._vsnprintf
                0x10007d4c      0x1e0 CMakeFiles/Projekt_zaliczenie.dir/C_/pico/pico-sdk/src/rp2_common/pico_printf/printf.c.obj
 *fill*         0x10007f2c        0x4 
 .rodata.pow10.0
                0x10007f30       0x50 CMakeFiles/Projekt_zaliczenie.dir/C_/pico/pico-sdk/src/rp2_common/pico_printf/printf.c.obj
 .rodata.__assert_func.str1.4
                0x10007f80       0x3f CMakeFiles/Projekt_zaliczenie.dir/C_/pico/pico-sdk/src/rp2_common/pico_clib_interface/newlib_interface.c.obj
                                 0x43 (size before relaxing)
 *fill*         0x10007fbf        0x1 
 .rodata.crlf_str.0
                0x10007fc0        0x2 CMakeFiles/Projekt_zaliczenie.dir/C_/pico/pico-sdk/src/rp2_common/pico_stdio/stdio.c.obj
 *fill*         0x10007fc2        0x2 
 .rodata._resetd_driver
                0x10007fc4       0x20 CMakeFiles/Projekt_zaliczenie.dir/C_/pico/pico-sdk/src/rp2_common/pico_stdio_usb/reset_interface.c.obj
 .rodata.desc_bos
                0x10007fe4       0x21 CMakeFiles/Projekt_zaliczenie.dir/C_/pico/pico-sdk/src/rp2_common/pico_stdio_usb/reset_interface.c.obj
                0x10007fe4                desc_bos
 *fill*         0x10008005        0x3 
 .rodata.desc_ms_os_20
                0x10008008       0xa6 CMakeFiles/Projekt_zaliczenie.dir/C_/pico/pico-sdk/src/rp2_common/pico_stdio_usb/reset_interface.c.obj
 *fill*         0x100080ae        0x2 
 .rodata.stdio_usb_init.str1.4
                0x100080b0       0x43 CMakeFiles/Projekt_zaliczenie.dir/C_/pico/pico-sdk/src/rp2_common/pico_stdio_usb/stdio_usb.c.obj
 *fill*         0x100080f3        0x1 
 .rodata.str1.4
                0x100080f4       0x13 CMakeFiles/Projekt_zaliczenie.dir/C_/pico/pico-sdk/src/rp2_common/pico_stdio_usb/stdio_usb.c.obj
 *fill*         0x10008107        0x1 
 .rodata.__bi_197.1
                0x10008108        0xc CMakeFiles/Projekt_zaliczenie.dir/C_/pico/pico-sdk/src/rp2_common/pico_stdio_usb/stdio_usb.c.obj
 .rodata.__func__.2
                0x10008114        0xf CMakeFiles/Projekt_zaliczenie.dir/C_/pico/pico-sdk/src/rp2_common/pico_stdio_usb/stdio_usb.c.obj
 *fill*         0x10008123        0x1 
 .rodata.str1.4
                0x10008124       0x2a CMakeFiles/Projekt_zaliczenie.dir/C_/pico/pico-sdk/src/rp2_common/pico_stdio_usb/stdio_usb_descriptors.c.obj
 *fill*         0x1000814e        0x2 
 .rodata.usbd_desc_cfg
                0x10008150       0x54 CMakeFiles/Projekt_zaliczenie.dir/C_/pico/pico-sdk/src/rp2_common/pico_stdio_usb/stdio_usb_descriptors.c.obj
 .rodata.usbd_desc_device
                0x100081a4       0x12 CMakeFiles/Projekt_zaliczenie.dir/C_/pico/pico-sdk/src/rp2_common/pico_stdio_usb/stdio_usb_descriptors.c.obj
 *fill*         0x100081b6        0x2 
 .rodata.usbd_desc_str
                0x100081b8       0x18 CMakeFiles/Projekt_zaliczenie.dir/C_/pico/pico-sdk/src/rp2_common/pico_stdio_usb/stdio_usb_descriptors.c.obj
 .rodata.pico_get_unique_board_id_string.str1.4
                0x100081d0       0x43 CMakeFiles/Projekt_zaliczenie.dir/C_/pico/pico-sdk/src/rp2_common/pico_unique_id/unique_id.c.obj
 *fill*         0x10008213        0x1 
 .rodata.__func__.0
                0x10008214       0x20 CMakeFiles/Projekt_zaliczenie.dir/C_/pico/pico-sdk/src/rp2_common/pico_unique_id/unique_id.c.obj
 .rodata.str1.4
                0x10008234      0x185 CMakeFiles/Projekt_zaliczenie.dir/C_/pico/pico-sdk/src/rp2_common/hardware_flash/flash.c.obj
 *fill*         0x100083b9        0x3 
 .rodata.__func__.0
                0x100083bc        0xd CMakeFiles/Projekt_zaliczenie.dir/C_/pico/pico-sdk/src/rp2_common/hardware_flash/flash.c.obj
 *fill*         0x100083c9        0x3 
 .rodata._hw_endpoint_alloc.str1.4
                0x100083cc       0xad CMakeFiles/Projekt_zaliczenie.dir/C_/pico/pico-sdk/lib/tinyusb/src/portable/raspberrypi/rp2040/dcd_rp2040.c.obj
 *fill*         0x10008479        0x3 
 .rodata.str1.4
                0x1000847c       0x14 CMakeFiles/Projekt_zaliczenie.dir/C_/pico/pico-sdk/lib/tinyusb/src/portable/raspberrypi/rp2040/dcd_rp2040.c.obj
 .rodata.dcd_int_enable.str1.4
                0x10008490        0xc CMakeFiles/Projekt_zaliczenie.dir/C_/pico/pico-sdk/lib/tinyusb/src/portable/raspberrypi/rp2040/dcd_rp2040.c.obj
 .rodata.__func__.0
                0x1000849c        0xe CMakeFiles/Projekt_zaliczenie.dir/C_/pico/pico-sdk/lib/tinyusb/src/portable/raspberrypi/rp2040/dcd_rp2040.c.obj
 *fill*         0x100084aa        0x2 
 .rodata.__func__.1
                0x100084ac        0xe CMakeFiles/Projekt_zaliczenie.dir/C_/pico/pico-sdk/lib/tinyusb/src/portable/raspberrypi/rp2040/dcd_rp2040.c.obj
 *fill*         0x100084ba        0x2 
 .rodata.__func__.3
                0x100084bc       0x10 CMakeFiles/Projekt_zaliczenie.dir/C_/pico/pico-sdk/lib/tinyusb/src/portable/raspberrypi/rp2040/dcd_rp2040.c.obj
 .rodata.__func__.5
                0x100084cc        0xf CMakeFiles/Projekt_zaliczenie.dir/C_/pico/pico-sdk/lib/tinyusb/src/portable/raspberrypi/rp2040/dcd_rp2040.c.obj
 *fill*         0x100084db        0x1 
 .rodata.__func__.6
                0x100084dc       0x13 CMakeFiles/Projekt_zaliczenie.dir/C_/pico/pico-sdk/lib/tinyusb/src/portable/raspberrypi/rp2040/dcd_rp2040.c.obj
 *fill*         0x100084ef        0x1 
 .rodata.__func__.7
                0x100084f0        0x9 CMakeFiles/Projekt_zaliczenie.dir/C_/pico/pico-sdk/lib/tinyusb/src/portable/raspberrypi/rp2040/dcd_rp2040.c.obj
 *fill*         0x100084f9        0x3 
 .rodata.str1.4
                0x100084fc       0xd4 CMakeFiles/Projekt_zaliczenie.dir/C_/pico/pico-sdk/lib/tinyusb/src/portable/raspberrypi/rp2040/rp2040_usb.c.obj
 .rodata.hw_endpoint_xfer_start.str1.4
                0x100085d0       0x38 CMakeFiles/Projekt_zaliczenie.dir/C_/pico/pico-sdk/lib/tinyusb/src/portable/raspberrypi/rp2040/rp2040_usb.c.obj
 .rodata.__func__.0
                0x10008608        0xf CMakeFiles/Projekt_zaliczenie.dir/C_/pico/pico-sdk/lib/tinyusb/src/portable/raspberrypi/rp2040/rp2040_usb.c.obj
 *fill*         0x10008617        0x1 
 .rodata.configuration_reset.str1.4
                0x10008618       0x17 CMakeFiles/Projekt_zaliczenie.dir/C_/pico/pico-sdk/lib/tinyusb/src/device/usbd.c.obj
 *fill*         0x1000862f        0x1 
 .rodata.process_get_descriptor
                0x10008630       0x40 CMakeFiles/Projekt_zaliczenie.dir/C_/pico/pico-sdk/lib/tinyusb/src/device/usbd.c.obj
 .rodata        0x10008670       0x1c CMakeFiles/Projekt_zaliczenie.dir/C_/pico/pico-sdk/lib/tinyusb/src/device/usbd.c.obj
 .rodata.process_control_request
                0x1000868c       0x28 CMakeFiles/Projekt_zaliczenie.dir/C_/pico/pico-sdk/lib/tinyusb/src/device/usbd.c.obj
 .rodata.tud_task_ext
                0x100086b4       0x24 CMakeFiles/Projekt_zaliczenie.dir/C_/pico/pico-sdk/lib/tinyusb/src/device/usbd.c.obj
 .rodata.__func__.1
                0x100086d8        0xf CMakeFiles/Projekt_zaliczenie.dir/C_/pico/pico-sdk/lib/tinyusb/src/device/usbd.c.obj
 *fill*         0x100086e7        0x1 
 .rodata.__func__.10
                0x100086e8        0x9 CMakeFiles/Projekt_zaliczenie.dir/C_/pico/pico-sdk/lib/tinyusb/src/device/usbd.c.obj
 *fill*         0x100086f1        0x3 
 .rodata.__func__.2
                0x100086f4        0xf CMakeFiles/Projekt_zaliczenie.dir/C_/pico/pico-sdk/lib/tinyusb/src/device/usbd.c.obj
 *fill*         0x10008703        0x1 
 .rodata.__func__.3
                0x10008704       0x14 CMakeFiles/Projekt_zaliczenie.dir/C_/pico/pico-sdk/lib/tinyusb/src/device/usbd.c.obj
 .rodata.__func__.4
                0x10008718        0xc CMakeFiles/Projekt_zaliczenie.dir/C_/pico/pico-sdk/lib/tinyusb/src/device/usbd.c.obj
 .rodata.__func__.5
                0x10008724       0x17 CMakeFiles/Projekt_zaliczenie.dir/C_/pico/pico-sdk/lib/tinyusb/src/device/usbd.c.obj
 *fill*         0x1000873b        0x1 
 .rodata.__func__.6
                0x1000873c       0x13 CMakeFiles/Projekt_zaliczenie.dir/C_/pico/pico-sdk/lib/tinyusb/src/device/usbd.c.obj
 *fill*         0x1000874f        0x1 
 .rodata.__func__.7
                0x10008750       0x18 CMakeFiles/Projekt_zaliczenie.dir/C_/pico/pico-sdk/lib/tinyusb/src/device/usbd.c.obj
 .rodata.__func__.8
                0x10008768       0x14 CMakeFiles/Projekt_zaliczenie.dir/C_/pico/pico-sdk/lib/tinyusb/src/device/usbd.c.obj
 .rodata.__func__.9
                0x1000877c        0xd CMakeFiles/Projekt_zaliczenie.dir/C_/pico/pico-sdk/lib/tinyusb/src/device/usbd.c.obj
 *fill*         0x10008789        0x3 
 .rodata._usbd_driver
                0x1000878c       0x40 CMakeFiles/Projekt_zaliczenie.dir/C_/pico/pico-sdk/lib/tinyusb/src/device/usbd.c.obj
 .rodata.tud_control_xfer.str1.4
                0x100087cc       0x17 CMakeFiles/Projekt_zaliczenie.dir/C_/pico/pico-sdk/lib/tinyusb/src/device/usbd_control.c.obj
 .rodata.__func__.0
                0x100087cc       0x15 CMakeFiles/Projekt_zaliczenie.dir/C_/pico/pico-sdk/lib/tinyusb/src/device/usbd_control.c.obj
 *fill*         0x100087e1        0x3 
 .rodata.__func__.1
                0x100087e4       0x11 CMakeFiles/Projekt_zaliczenie.dir/C_/pico/pico-sdk/lib/tinyusb/src/device/usbd_control.c.obj
 .rodata.tud_cdc_n_write_flush.str1.4
                0x100087f5       0x17 CMakeFiles/Projekt_zaliczenie.dir/C_/pico/pico-sdk/lib/tinyusb/src/class/cdc/cdc_device.c.obj
 *fill*         0x100087f5        0x3 
 .rodata.__func__.0
                0x100087f8        0xd CMakeFiles/Projekt_zaliczenie.dir/C_/pico/pico-sdk/lib/tinyusb/src/class/cdc/cdc_device.c.obj
 *fill*         0x10008805        0x3 
 .rodata.__func__.1
                0x10008808        0xa CMakeFiles/Projekt_zaliczenie.dir/C_/pico/pico-sdk/lib/tinyusb/src/class/cdc/cdc_device.c.obj
 *fill*         0x10008812        0x2 
 .rodata.__func__.3
                0x10008814       0x16 CMakeFiles/Projekt_zaliczenie.dir/C_/pico/pico-sdk/lib/tinyusb/src/class/cdc/cdc_device.c.obj
 .rodata.vendord_open.str1.4
                0x1000882a       0x17 CMakeFiles/Projekt_zaliczenie.dir/C_/pico/pico-sdk/lib/tinyusb/src/class/vendor/vendor_device.c.obj
 *fill*         0x1000882a        0x2 
 .rodata.__func__.0
                0x1000882c        0xd CMakeFiles/Projekt_zaliczenie.dir/C_/pico/pico-sdk/lib/tinyusb/src/class/vendor/vendor_device.c.obj
 .rodata.tusb_init.str1.4
                0x10008839       0x17 CMakeFiles/Projekt_zaliczenie.dir/C_/pico/pico-sdk/lib/tinyusb/src/tusb.c.obj
 *fill*         0x10008839        0x3 
 .rodata.__func__.0
                0x1000883c       0x19 CMakeFiles/Projekt_zaliczenie.dir/C_/pico/pico-sdk/lib/tinyusb/src/tusb.c.obj
 *fill*         0x10008855        0x3 
 .rodata.__func__.2
                0x10008858       0x1a CMakeFiles/Projekt_zaliczenie.dir/C_/pico/pico-sdk/lib/tinyusb/src/tusb.c.obj
 *fill*         0x10008872        0x2 
 .rodata.__func__.3
                0x10008874       0x23 CMakeFiles/Projekt_zaliczenie.dir/C_/pico/pico-sdk/lib/tinyusb/src/tusb.c.obj
 *fill*         0x10008897        0x1 
 .rodata.__func__.4
                0x10008898       0x11 CMakeFiles/Projekt_zaliczenie.dir/C_/pico/pico-sdk/lib/tinyusb/src/tusb.c.obj
 *fill*         0x100088a9        0x3 
 .rodata.__func__.5
                0x100088ac        0xa CMakeFiles/Projekt_zaliczenie.dir/C_/pico/pico-sdk/lib/tinyusb/src/tusb.c.obj
 *fill*         0x100088b6        0x2 
 .rodata.i2c_set_baudrate.str1.4
                0x100088b8       0x53 CMakeFiles/Projekt_zaliczenie.dir/C_/pico/pico-sdk/src/rp2_common/hardware_i2c/i2c.c.obj
 *fill*         0x1000890b        0x1 
 .rodata.__func__.0
                0x1000890c       0x11 CMakeFiles/Projekt_zaliczenie.dir/C_/pico/pico-sdk/src/rp2_common/hardware_i2c/i2c.c.obj
                0x10008920                . = ALIGN (0x4)
 *fill*         0x1000891d        0x3 
 *(SORT_BY_ALIGNMENT(SORT_BY_NAME(.flashdata*)))
                0x10008920                . = ALIGN (0x4)

.ARM.extab
 *(.ARM.extab* .gnu.linkonce.armextab.*)
                0x10008920                __exidx_start = .

.ARM.exidx
 *(.ARM.exidx* .gnu.linkonce.armexidx.*)
                0x10008920                __exidx_end = .
                0x10008920                . = ALIGN (0x4)
                0x10008920                __binary_info_start = .

.binary_info    0x10008920       0x24
 *(.binary_info.keep.*)
 .binary_info.keep.__bi_ptr26
                0x10008920        0x4 CMakeFiles/Projekt_zaliczenie.dir/C_/pico/pico-sdk/src/rp2_common/pico_standard_binary_info/standard_binary_info.c.obj
 .binary_info.keep.__bi_ptr34
                0x10008924        0x4 CMakeFiles/Projekt_zaliczenie.dir/C_/pico/pico-sdk/src/rp2_common/pico_standard_binary_info/standard_binary_info.c.obj
 .binary_info.keep.__bi_ptr42
                0x10008928        0x4 CMakeFiles/Projekt_zaliczenie.dir/C_/pico/pico-sdk/src/rp2_common/pico_standard_binary_info/standard_binary_info.c.obj
 .binary_info.keep.__bi_ptr48
                0x1000892c        0x4 CMakeFiles/Projekt_zaliczenie.dir/C_/pico/pico-sdk/src/rp2_common/pico_standard_binary_info/standard_binary_info.c.obj
 .binary_info.keep.__bi_ptr54
                0x10008930        0x4 CMakeFiles/Projekt_zaliczenie.dir/C_/pico/pico-sdk/src/rp2_common/pico_standard_binary_info/standard_binary_info.c.obj
 .binary_info.keep.__bi_ptr60
                0x10008934        0x4 CMakeFiles/Projekt_zaliczenie.dir/C_/pico/pico-sdk/src/rp2_common/pico_standard_binary_info/standard_binary_info.c.obj
 .binary_info.keep.__bi_ptr78
                0x10008938        0x4 CMakeFiles/Projekt_zaliczenie.dir/C_/pico/pico-sdk/src/rp2_common/pico_standard_binary_info/standard_binary_info.c.obj
 .binary_info.keep.__bi_ptr84
                0x1000893c        0x4 CMakeFiles/Projekt_zaliczenie.dir/C_/pico/pico-sdk/src/rp2_common/pico_standard_binary_info/standard_binary_info.c.obj
 *(.binary_info.*)
 .binary_info.__bi_ptr197
                0x10008940        0x4 CMakeFiles/Projekt_zaliczenie.dir/C_/pico/pico-sdk/src/rp2_common/pico_stdio_usb/stdio_usb.c.obj
                0x10008944                __binary_info_end = .

.rel.dyn        0x10008944        0x0
 .rel.iplt      0x10008944        0x0 c:/progra~2/gnuarm~1/102021~1.10/bin/../lib/gcc/arm-none-eabi/10.3.1/thumb/v6-m/nofp/crtbegin.o
                0x10008944                . = ALIGN (0x4)

.ram_vector_table
                0x20000000       0xc0
 *(.ram_vector_table)
 .ram_vector_table
                0x20000000       0xc0 CMakeFiles/Projekt_zaliczenie.dir/C_/pico/pico-sdk/src/rp2_common/pico_runtime_init/runtime_init.c.obj
                0x20000000                ram_vector_table

.uninitialized_data
                0x200000c0        0x0
                0x200000c0                . = ALIGN (0x4)
 *(.uninitialized_data*)
